Archive member included to satisfy reference by file (symbol)

c:/intelfpga_lite/18.1/nios2eds/bin/gnu/h-x86_64-mingw32/bin/../lib/gcc/nios2-elf/5.3.0/../../../../../H-x86_64-mingw32/nios2-elf/lib/mno-hw-mul\libstdc++.a(eh_personality.o)
                              obj/default/chasing_leds.o (__gxx_personality_sj0)
c:/intelfpga_lite/18.1/nios2eds/bin/gnu/h-x86_64-mingw32/bin/../lib/gcc/nios2-elf/5.3.0/../../../../../H-x86_64-mingw32/nios2-elf/lib/mno-hw-mul\libstdc++.a(eh_throw.o)
                              c:/intelfpga_lite/18.1/nios2eds/bin/gnu/h-x86_64-mingw32/bin/../lib/gcc/nios2-elf/5.3.0/../../../../../H-x86_64-mingw32/nios2-elf/lib/mno-hw-mul\libstdc++.a(eh_personality.o) (__cxa_throw)
c:/intelfpga_lite/18.1/nios2eds/bin/gnu/h-x86_64-mingw32/bin/../lib/gcc/nios2-elf/5.3.0/../../../../../H-x86_64-mingw32/nios2-elf/lib/mno-hw-mul\libstdc++.a(eh_catch.o)
                              c:/intelfpga_lite/18.1/nios2eds/bin/gnu/h-x86_64-mingw32/bin/../lib/gcc/nios2-elf/5.3.0/../../../../../H-x86_64-mingw32/nios2-elf/lib/mno-hw-mul\libstdc++.a(eh_personality.o) (__cxa_begin_catch)
c:/intelfpga_lite/18.1/nios2eds/bin/gnu/h-x86_64-mingw32/bin/../lib/gcc/nios2-elf/5.3.0/../../../../../H-x86_64-mingw32/nios2-elf/lib/mno-hw-mul\libstdc++.a(eh_terminate.o)
                              c:/intelfpga_lite/18.1/nios2eds/bin/gnu/h-x86_64-mingw32/bin/../lib/gcc/nios2-elf/5.3.0/../../../../../H-x86_64-mingw32/nios2-elf/lib/mno-hw-mul\libstdc++.a(eh_personality.o) (__cxxabiv1::__terminate(void (*)()))
c:/intelfpga_lite/18.1/nios2eds/bin/gnu/h-x86_64-mingw32/bin/../lib/gcc/nios2-elf/5.3.0/../../../../../H-x86_64-mingw32/nios2-elf/lib/mno-hw-mul\libstdc++.a(eh_unex_handler.o)
                              c:/intelfpga_lite/18.1/nios2eds/bin/gnu/h-x86_64-mingw32/bin/../lib/gcc/nios2-elf/5.3.0/../../../../../H-x86_64-mingw32/nios2-elf/lib/mno-hw-mul\libstdc++.a(eh_terminate.o) (__cxxabiv1::__unexpected_handler)
c:/intelfpga_lite/18.1/nios2eds/bin/gnu/h-x86_64-mingw32/bin/../lib/gcc/nios2-elf/5.3.0/../../../../../H-x86_64-mingw32/nios2-elf/lib/mno-hw-mul\libstdc++.a(eh_alloc.o)
                              c:/intelfpga_lite/18.1/nios2eds/bin/gnu/h-x86_64-mingw32/bin/../lib/gcc/nios2-elf/5.3.0/../../../../../H-x86_64-mingw32/nios2-elf/lib/mno-hw-mul\libstdc++.a(eh_personality.o) (__cxa_allocate_exception)
c:/intelfpga_lite/18.1/nios2eds/bin/gnu/h-x86_64-mingw32/bin/../lib/gcc/nios2-elf/5.3.0/../../../../../H-x86_64-mingw32/nios2-elf/lib/mno-hw-mul\libstdc++.a(eh_call.o)
                              c:/intelfpga_lite/18.1/nios2eds/bin/gnu/h-x86_64-mingw32/bin/../lib/gcc/nios2-elf/5.3.0/../../../../../H-x86_64-mingw32/nios2-elf/lib/mno-hw-mul\libstdc++.a(eh_personality.o) (__cxa_call_terminate)
c:/intelfpga_lite/18.1/nios2eds/bin/gnu/h-x86_64-mingw32/bin/../lib/gcc/nios2-elf/5.3.0/../../../../../H-x86_64-mingw32/nios2-elf/lib/mno-hw-mul\libstdc++.a(eh_globals.o)
                              c:/intelfpga_lite/18.1/nios2eds/bin/gnu/h-x86_64-mingw32/bin/../lib/gcc/nios2-elf/5.3.0/../../../../../H-x86_64-mingw32/nios2-elf/lib/mno-hw-mul\libstdc++.a(eh_personality.o) (__cxa_get_globals_fast)
c:/intelfpga_lite/18.1/nios2eds/bin/gnu/h-x86_64-mingw32/bin/../lib/gcc/nios2-elf/5.3.0/../../../../../H-x86_64-mingw32/nios2-elf/lib/mno-hw-mul\libstdc++.a(eh_exception.o)
                              c:/intelfpga_lite/18.1/nios2eds/bin/gnu/h-x86_64-mingw32/bin/../lib/gcc/nios2-elf/5.3.0/../../../../../H-x86_64-mingw32/nios2-elf/lib/mno-hw-mul\libstdc++.a(eh_personality.o) (std::bad_exception::~bad_exception())
c:/intelfpga_lite/18.1/nios2eds/bin/gnu/h-x86_64-mingw32/bin/../lib/gcc/nios2-elf/5.3.0/../../../../../H-x86_64-mingw32/nios2-elf/lib/mno-hw-mul\libstdc++.a(eh_term_handler.o)
                              c:/intelfpga_lite/18.1/nios2eds/bin/gnu/h-x86_64-mingw32/bin/../lib/gcc/nios2-elf/5.3.0/../../../../../H-x86_64-mingw32/nios2-elf/lib/mno-hw-mul\libstdc++.a(eh_terminate.o) (__cxxabiv1::__terminate_handler)
c:/intelfpga_lite/18.1/nios2eds/bin/gnu/h-x86_64-mingw32/bin/../lib/gcc/nios2-elf/5.3.0/../../../../../H-x86_64-mingw32/nios2-elf/lib/mno-hw-mul\libstdc++.a(del_op.o)
                              c:/intelfpga_lite/18.1/nios2eds/bin/gnu/h-x86_64-mingw32/bin/../lib/gcc/nios2-elf/5.3.0/../../../../../H-x86_64-mingw32/nios2-elf/lib/mno-hw-mul\libstdc++.a(eh_exception.o) (operator delete(void*))
c:/intelfpga_lite/18.1/nios2eds/bin/gnu/h-x86_64-mingw32/bin/../lib/gcc/nios2-elf/5.3.0/../../../../../H-x86_64-mingw32/nios2-elf/lib/mno-hw-mul\libstdc++.a(pure.o)
                              c:/intelfpga_lite/18.1/nios2eds/bin/gnu/h-x86_64-mingw32/bin/../lib/gcc/nios2-elf/5.3.0/../../../../../H-x86_64-mingw32/nios2-elf/lib/mno-hw-mul\libstdc++.a(eh_exception.o) (__cxa_pure_virtual)
c:/intelfpga_lite/18.1/nios2eds/bin/gnu/h-x86_64-mingw32/bin/../lib/gcc/nios2-elf/5.3.0/../../../../../H-x86_64-mingw32/nios2-elf/lib/mno-hw-mul\libstdc++.a(class_type_info.o)
[...]
Memory Configuration

Name             Origin             Length             Attributes
onchip_flash_0_data 0x0000000001200000 0x0000000000160000
reset            0x0000000001420000 0x0000000000000020
onchip_memory2_0 0x0000000001420020 0x000000000001ffe0
*default*        0x0000000000000000 0xffffffffffffffff

Linker script and memory map

LOAD ../de10_bsp//obj/HAL/src/crt0.o
LOAD obj/default/printf_fpro.o
LOAD obj/default/adsr_core.o
LOAD obj/default/blink_soft.o
LOAD obj/default/chasing_leds.o
LOAD obj/default/chu_init.o
LOAD obj/default/ddfs_core.o
LOAD obj/default/de10_baseline.o
LOAD obj/default/gpio_cores.o
LOAD obj/default/madc_core.o
LOAD obj/default/rtttl.o
LOAD obj/default/sseg_core.o
LOAD obj/default/timer_core.o
LOAD obj/default/uart_core.o
LOAD obj/default/ws2812_core.o
LOAD c:/intelfpga_lite/18.1/nios2eds/bin/gnu/h-x86_64-mingw32/bin/../lib/gcc/nios2-elf/5.3.0/../../../../../H-x86_64-mingw32/nios2-elf/lib/mno-hw-mul\libstdc++.a
LOAD c:/intelfpga_lite/18.1/nios2eds/bin/gnu/h-x86_64-mingw32/bin/../lib/gcc/nios2-elf/5.3.0/../../../../../H-x86_64-mingw32/nios2-elf/lib/mno-hw-mul\libm.a
LOAD c:/intelfpga_lite/18.1/nios2eds/bin/gnu/h-x86_64-mingw32/bin/../lib/gcc/nios2-elf/5.3.0/mno-hw-mul\libgcc.a
START GROUP
LOAD c:/intelfpga_lite/18.1/nios2eds/bin/gnu/h-x86_64-mingw32/bin/../lib/gcc/nios2-elf/5.3.0/../../../../../H-x86_64-mingw32/nios2-elf/lib/mno-hw-mul\libc.a
LOAD c:/intelfpga_lite/18.1/nios2eds/bin/gnu/h-x86_64-mingw32/bin/../lib/gcc/nios2-elf/5.3.0/mno-hw-mul\libgcc.a
LOAD ../de10_bsp/\libhal_bsp.a
LOAD c:/intelfpga_lite/18.1/nios2eds/bin/gnu/h-x86_64-mingw32/bin/../lib/gcc/nios2-elf/5.3.0/../../../../../H-x86_64-mingw32/nios2-elf/lib/mno-hw-mul\libm.a
END GROUP
LOAD c:/intelfpga_lite/18.1/nios2eds/bin/gnu/h-x86_64-mingw32/bin/../lib/gcc/nios2-elf/5.3.0/mno-hw-mul\libgcc.a
                0x0000000001200000                __alt_mem_onchip_flash_0_data = 0x1200000
                0x0000000001420000                __alt_mem_onchip_memory2_0 = 0x1420000

.entry          0x0000000001420000       0x20
 *(.entry)
 .entry         0x0000000001420000       0x20 ../de10_bsp//obj/HAL/src/crt0.o
                0x0000000001420000                __reset

.exceptions     0x0000000001420020        0x0
                0x0000000001420020                PROVIDE (__ram_exceptions_start, ABSOLUTE (.))
                0x0000000001420020                . = ALIGN (0x20)
 *(.irq)
 *(.exceptions.entry.label)
 *(.exceptions.entry.user)
 *(.exceptions.entry.ecc_fatal)
 *(.exceptions.entry)
 *(.exceptions.irqtest.user)
 *(.exceptions.irqtest)
 *(.exceptions.irqhandler.user)
 *(.exceptions.irqhandler)
 *(.exceptions.irqreturn.user)
 *(.exceptions.irqreturn)
 *(.exceptions.notirq.label)
 *(.exceptions.notirq.user)
 *(.exceptions.notirq)
 *(.exceptions.soft.user)
 *(.exceptions.soft)
 *(.exceptions.unknown.user)
 *(.exceptions.unknown)
 *(.exceptions.exit.label)
 *(.exceptions.exit.user)
 *(.exceptions.exit)
 *(.exceptions)
                0x0000000001420020                PROVIDE (__ram_exceptions_end, ABSOLUTE (.))
                0x0000000001420020                PROVIDE (__flash_exceptions_start, LOADADDR (.exceptions))

.text           0x0000000001420020     0xdbe0
                [!provide]                        PROVIDE (stext, ABSOLUTE (.))
 *(.interp)
 *(.hash)
 *(.dynsym)
 *(.dynstr)
 *(.gnu.version)
 *(.gnu.version_d)
 *(.gnu.version_r)
 *(.rel.init)
 *(.rela.init)
 *(.rel.text .rel.text.* .rel.gnu.linkonce.t.*)
 *(.rela.text .rela.text.* .rela.gnu.linkonce.t.*)
 *(.rel.fini)
 *(.rela.fini)
 *(.rel.rodata .rel.rodata.* .rel.gnu.linkonce.r.*)
 *(.rela.rodata .rela.rodata.* .rela.gnu.linkonce.r.*)
 *(.rel.data .rel.data.* .rel.gnu.linkonce.d.*)
 *(.rela.data .rela.data.* .rela.gnu.linkonce.d.*)
 *(.rel.tdata .rel.tdata.* .rel.gnu.linkonce.td.*)
 *(.rela.tdata .rela.tdata.* .rela.gnu.linkonce.td.*)
 *(.rel.tbss .rel.tbss.* .rel.gnu.linkonce.tb.*)
 *(.rela.tbss .rela.tbss.* .rela.gnu.linkonce.tb.*)
 *(.rel.ctors)
 *(.rela.ctors)
 *(.rel.dtors)
 *(.rela.dtors)
 *(.rel.got)
 *(.rela.got)
 *(.rel.sdata .rel.sdata.* .rel.gnu.linkonce.s.*)
 *(.rela.sdata .rela.sdata.* .rela.gnu.linkonce.s.*)
 *(.rel.sbss .rel.sbss.* .rel.gnu.linkonce.sb.*)
 *(.rela.sbss .rela.sbss.* .rela.gnu.linkonce.sb.*)
 *(.rel.sdata2 .rel.sdata2.* .rel.gnu.linkonce.s2.*)
 *(.rela.sdata2 .rela.sdata2.* .rela.gnu.linkonce.s2.*)
 *(.rel.sbss2 .rel.sbss2.* .rel.gnu.linkonce.sb2.*)
 *(.rela.sbss2 .rela.sbss2.* .rela.gnu.linkonce.sb2.*)
 *(.rel.bss .rel.bss.* .rel.gnu.linkonce.b.*)
 *(.rela.bss .rela.bss.* .rela.gnu.linkonce.b.*)
 *(.rel.plt)
 *(.rela.plt)
 *(.rel.dyn)
 *(.init)
 *(.plt)
 *(.text .stub .text.* .gnu.linkonce.t.*)
 .text          0x0000000001420020       0x3c ../de10_bsp//obj/HAL/src/crt0.o
                0x0000000001420020                _start
 .text          0x000000000142005c     0x220c obj/default/printf_fpro.o
                0x000000000142005c                _putchar
                0x000000000142206c                printf
                0x00000000014220d4                sprintf
                0x0000000001422138                snprintf
                0x000000000142219c                vsnprintf
                0x00000000014221f0                fctprintf
 .text          0x0000000001422268      0x71c obj/default/adsr_core.o
                0x0000000001422268                AdsrCore::AdsrCore(unsigned long, DdfsCore*)
                0x0000000001422268                AdsrCore::AdsrCore(unsigned long, DdfsCore*)
                0x00000000014222c8                AdsrCore::~AdsrCore()
                0x00000000014222c8                AdsrCore::~AdsrCore()
                0x00000000014222ec                AdsrCore::init()
                0x0000000001422390                AdsrCore::idle()
                0x00000000014223c8                AdsrCore::start()
                0x00000000014223f8                AdsrCore::abort()
                0x000000000142242c                AdsrCore::bypass()
                0x0000000001422474                AdsrCore::set_env(int, int, int, int, float)
                0x00000000014224f0                AdsrCore::select_env(int)
                0x00000000014225bc                AdsrCore::play_note(int, int, int)
                0x0000000001422698                AdsrCore::calc_note_freq(int, int)
                0x000000000142278c                AdsrCore::write_adsr_reg()
 .text          0x0000000001422984      0x30c obj/default/blink_soft.o
                0x0000000001422984                BlinkSoft::BlinkSoft(int)
                0x0000000001422984                BlinkSoft::BlinkSoft(int)
                0x00000000014229ec                BlinkSoft::BlinkSoft()
                0x00000000014229ec                BlinkSoft::BlinkSoft()
                0x0000000001422a44                BlinkSoft::~BlinkSoft()
                0x0000000001422a44                BlinkSoft::~BlinkSoft()
                0x0000000001422a68                BlinkSoft::set_rate(int)
                0x0000000001422ab0                BlinkSoft::go()
                0x0000000001422adc                BlinkSoft::stop()
                0x0000000001422b0c                BlinkSoft::SetPosition(int)
                0x0000000001422b40                BlinkSoft::poll_and_toggle()
 .text          0x0000000001422c90      0x1f4 obj/default/chasing_leds.o
                0x0000000001422c90                main
 .text          0x0000000001422e84      0x36c obj/default/chu_init.o
                0x0000000001422e84                now_us
                0x0000000001422ebc                now_ms
                0x0000000001422f00                sleep_us
                0x0000000001422f48                sleep_ms
                0x0000000001422fa8                debug_on
                0x0000000001423070                debug_off
                0x0000000001423090                map
 .text          0x00000000014231f0      0x4f0 obj/default/ddfs_core.o
                0x00000000014231f0                DdfsCore::DdfsCore(unsigned long)
                0x00000000014231f0                DdfsCore::DdfsCore(unsigned long)
                0x0000000001423234                DdfsCore::~DdfsCore()
                0x0000000001423234                DdfsCore::~DdfsCore()
                0x0000000001423258                DdfsCore::init()
                0x00000000014232d8                DdfsCore::set_carrier_freq(int)
                0x0000000001423374                DdfsCore::set_offset_freq(int)
                0x0000000001423414                DdfsCore::set_phase_degree(int)
                0x000000000142347c                DdfsCore::set_env(float)
                0x00000000014234f0                DdfsCore::set_fow_source(int)
                0x0000000001423584                DdfsCore::set_env_source(int)
                0x0000000001423618                DdfsCore::set_pha_source(int)
                0x00000000014236ac                DdfsCore::read_pcm()
 .text          0x00000000014236e0      0x1d4 obj/default/de10_baseline.o
 .text          0x00000000014238b4      0x500 obj/default/gpio_cores.o
                0x00000000014238b4                GpiCore::GpiCore(unsigned long)
                0x00000000014238b4                GpiCore::GpiCore(unsigned long)
                0x00000000014238e8                GpiCore::~GpiCore()
                0x00000000014238e8                GpiCore::~GpiCore()
                0x000000000142390c                GpiCore::read()
                0x0000000001423938                GpiCore::read(int)
                0x000000000142397c                DebounceCore::DebounceCore(unsigned long)
                0x000000000142397c                DebounceCore::DebounceCore(unsigned long)
                0x00000000014239b0                DebounceCore::~DebounceCore()
                0x00000000014239b0                DebounceCore::~DebounceCore()
                0x00000000014239d4                DebounceCore::read()
                0x0000000001423a00                DebounceCore::read(int)
                0x0000000001423a44                DebounceCore::read_db()
                0x0000000001423a74                DebounceCore::read_db(int)
                0x0000000001423abc                GpoCore::GpoCore(unsigned long)
                0x0000000001423abc                GpoCore::GpoCore(unsigned long)
                0x0000000001423af8                GpoCore::~GpoCore()
                0x0000000001423af8                GpoCore::~GpoCore()
                0x0000000001423b1c                GpoCore::write(unsigned long)
                0x0000000001423b68                GpoCore::write(int, int)
                0x0000000001423bfc                PwmCore::PwmCore(unsigned long)
                0x0000000001423bfc                PwmCore::PwmCore(unsigned long)
                0x0000000001423c44                PwmCore::~PwmCore()
                0x0000000001423c44                PwmCore::~PwmCore()
                0x0000000001423c68                PwmCore::set_freq(int)
                0x0000000001423cc0                PwmCore::set_duty(int, int)
                0x0000000001423d34                PwmCore::set_duty(double, int)
 .text          0x0000000001423db4      0x190 obj/default/madc_core.o
                0x0000000001423db4                MadcCore::MadcCore(unsigned long)
                0x0000000001423db4                MadcCore::MadcCore(unsigned long)
                0x0000000001423de8                MadcCore::~MadcCore()
                0x0000000001423de8                MadcCore::~MadcCore()
                0x0000000001423e0c                MadcCore::read_channel_raw(int)
                0x0000000001423e58                MadcCore::read_adc_in(int)
                0x0000000001423f0c                MadcCore::read_fpga_temp()
 .text          0x0000000001423f44      0x850 obj/default/rtttl.o
                0x0000000001423f44                Rtttl::Rtttl()
                0x0000000001423f44                Rtttl::Rtttl()
                0x0000000001423f88                Rtttl::~Rtttl()
                0x0000000001423f88                Rtttl::~Rtttl()
                0x0000000001423fac                Rtttl::parse_header(char*)
                0x00000000014242d8                Rtttl::parse_next_note()
                0x000000000142465c                Rtttl::read_oct()
                0x0000000001424684                Rtttl::read_note()
                0x00000000014246ac                Rtttl::read_interval()
                0x00000000014246d4                Rtttl::is_end()
                0x0000000001424714                Rtttl::rewind()
                0x0000000001424748                Rtttl::is_digit(char)
 .text          0x0000000001424794      0x650 obj/default/sseg_core.o
                0x0000000001424794                SsegCore::SsegCore(unsigned long, int)
                0x0000000001424794                SsegCore::SsegCore(unsigned long, int)
                0x0000000001424848                SsegCore::~SsegCore()
                0x0000000001424848                SsegCore::~SsegCore()
                0x000000000142486c                SsegCore::write_led()
                0x0000000001424a7c                SsegCore::write_8ptn(unsigned char*)
                0x0000000001424afc                SsegCore::write_1ptn(unsigned char, int)
                0x0000000001424b54                SsegCore::set_dp(unsigned char)
                0x0000000001424ba4                SsegCore::set_brightness(unsigned char)
                0x0000000001424be8                SsegCore::h2s(int)
                0x0000000001424c40                SsegCore::i2sseg(int, int, int, int, int, int)
 .text          0x0000000001424de4      0x304 obj/default/timer_core.o
                0x0000000001424de4                TimerCore::TimerCore(unsigned long)
                0x0000000001424de4                TimerCore::TimerCore(unsigned long)
                0x0000000001424e50                TimerCore::~TimerCore()
                0x0000000001424e50                TimerCore::~TimerCore()
                0x0000000001424e74                TimerCore::pause()
                0x0000000001424ecc                TimerCore::go()
                0x0000000001424f20                TimerCore::clear()
                0x0000000001424f6c                TimerCore::read_tick()
                0x0000000001424fe4                TimerCore::read_time()
                0x0000000001425050                TimerCore::sleep(unsigned long long)
 .text          0x00000000014250e8      0x724 obj/default/uart_core.o
                0x00000000014250e8                UartCore::UartCore(unsigned long)
                0x00000000014250e8                UartCore::UartCore(unsigned long)
                0x0000000001425130                UartCore::~UartCore()
                0x0000000001425130                UartCore::~UartCore()
                0x0000000001425154                UartCore::set_baud_rate(int)
                0x00000000014251b4                UartCore::rx_fifo_empty()
                0x00000000014251f8                UartCore::tx_fifo_full()
                0x000000000142523c                UartCore::tx_byte(unsigned char)
                0x00000000014252a0                UartCore::rx_byte()
                0x000000000142530c                UartCore::disp(char const*)
                0x0000000001425348                UartCore::disp(char)
                0x0000000001425390                UartCore::disp(int, int, int)
                0x0000000001425550                UartCore::disp(int)
                0x0000000001425594                UartCore::disp(int, int)
                0x00000000014255dc                UartCore::disp(double, int)
                0x0000000001425754                UartCore::disp(double)
                0x000000000142579c                UartCore::disp_str(char const*)
 .text          0x000000000142580c      0x428 obj/default/ws2812_core.o
                0x000000000142580c                Ws2812Core::Ws2812Core(unsigned long, int, int)
                0x000000000142580c                Ws2812Core::Ws2812Core(unsigned long, int, int)
                0x0000000001425878                Ws2812Core::~Ws2812Core()
                0x0000000001425878                Ws2812Core::~Ws2812Core()
                0x000000000142589c                Ws2812Core::set_brightness(double)
                0x0000000001425938                Ws2812Core::wr_pix(int, int, int)
                0x00000000014259b8                Ws2812Core::wr_pix(int, int, unsigned char, unsigned char, unsigned char)
                0x0000000001425ba8                Ws2812Core::clr_matrix(int)
 .text          0x0000000001425c34        0x0 c:/intelfpga_lite/18.1/nios2eds/bin/gnu/h-x86_64-mingw32/bin/../lib/gcc/nios2-elf/5.3.0/../../../../../H-x86_64-mingw32/nios2-elf/lib/mno-hw-mul\libstdc++.a(eh_personality.o)
 .text._ZL21size_of_encoded_valueh
                0x0000000001425c34       0xa4 c:/intelfpga_lite/18.1/nios2eds/bin/gnu/h-x86_64-mingw32/bin/../lib/gcc/nios2-elf/5.3.0/../../../../../H-x86_64-mingw32/nios2-elf/lib/mno-hw-mul\libstdc++.a(eh_personality.o)
 .text._ZL28read_encoded_value_with_basehjPKhPj
                0x0000000001425cd8      0x20c c:/intelfpga_lite/18.1/nios2eds/bin/gnu/h-x86_64-mingw32/bin/../lib/gcc/nios2-elf/5.3.0/../../../../../H-x86_64-mingw32/nios2-elf/lib/mno-hw-mul\libstdc++.a(eh_personality.o)
 .text._ZL15get_ttype_entryP16lsda_header_infom
                0x0000000001425ee4       0x54 c:/intelfpga_lite/18.1/nios2eds/bin/gnu/h-x86_64-mingw32/bin/../lib/gcc/nios2-elf/5.3.0/../../../../../H-x86_64-mingw32/nios2-elf/lib/mno-hw-mul\libstdc++.a(eh_personality.o)
 .text._ZL21base_of_encoded_valuehP15_Unwind_Context
                0x0000000001425f38       0x8c c:/intelfpga_lite/18.1/nios2eds/bin/gnu/h-x86_64-mingw32/bin/../lib/gcc/nios2-elf/5.3.0/../../../../../H-x86_64-mingw32/nios2-elf/lib/mno-hw-mul\libstdc++.a(eh_personality.o)
 .text._ZL17parse_lsda_headerP15_Unwind_ContextPKhP16lsda_header_info
                0x0000000001425fc4      0x134 c:/intelfpga_lite/18.1/nios2eds/bin/gnu/h-x86_64-mingw32/bin/../lib/gcc/nios2-elf/5.3.0/../../../../../H-x86_64-mingw32/nios2-elf/lib/mno-hw-mul\libstdc++.a(eh_personality.o)
 .text._ZL16get_adjusted_ptrPKSt9type_infoS1_PPv.constprop.3
                0x00000000014260f8       0x88 c:/intelfpga_lite/18.1/nios2eds/bin/gnu/h-x86_64-mingw32/bin/../lib/gcc/nios2-elf/5.3.0/../../../../../H-x86_64-mingw32/nios2-elf/lib/mno-hw-mul\libstdc++.a(eh_personality.o)
 .text.unlikely._ZL28check_compact_exception_specPKSt9type_infoPvPKhij
                0x0000000001426180      0x22c c:/intelfpga_lite/18.1/nios2eds/bin/gnu/h-x86_64-mingw32/bin/../lib/gcc/nios2-elf/5.3.0/../../../../../H-x86_64-mingw32/nios2-elf/lib/mno-hw-mul\libstdc++.a(eh_personality.o)
 .text._ZL20check_exception_specP16lsda_header_infoPKSt9type_infoPvl
                0x00000000014263ac       0xa8 c:/intelfpga_lite/18.1/nios2eds/bin/gnu/h-x86_64-mingw32/bin/../lib/gcc/nios2-elf/5.3.0/../../../../../H-x86_64-mingw32/nios2-elf/lib/mno-hw-mul\libstdc++.a(eh_personality.o)
 .text.__gxx_personality_sj0
                0x0000000001426454      0x600 c:/intelfpga_lite/18.1/nios2eds/bin/gnu/h-x86_64-mingw32/bin/../lib/gcc/nios2-elf/5.3.0/../../../../../H-x86_64-mingw32/nios2-elf/lib/mno-hw-mul\libstdc++.a(eh_personality.o)
                0x0000000001426454                __gxx_personality_sj0
 .text.__cxa_call_unexpected
                0x0000000001426a54      0x230 c:/intelfpga_lite/18.1/nios2eds/bin/gnu/h-x86_64-mingw32/bin/../lib/gcc/nios2-elf/5.3.0/../../../../../H-x86_64-mingw32/nios2-elf/lib/mno-hw-mul\libstdc++.a(eh_personality.o)
                0x0000000001426a54                __cxa_call_unexpected
 .text          0x0000000001426c84        0x0 c:/intelfpga_lite/18.1/nios2eds/bin/gnu/h-x86_64-mingw32/bin/../lib/gcc/nios2-elf/5.3.0/../../../../../H-x86_64-mingw32/nios2-elf/lib/mno-hw-mul\libstdc++.a(eh_throw.o)
 .text._ZL23__gxx_exception_cleanup19_Unwind_Reason_CodeP17_Unwind_Exception
                0x0000000001426c84       0x44 c:/intelfpga_lite/18.1/nios2eds/bin/gnu/h-x86_64-mingw32/bin/../lib/gcc/nios2-elf/5.3.0/../../../../../H-x86_64-mingw32/nios2-elf/lib/mno-hw-mul\libstdc++.a(eh_throw.o)
 .text.__cxa_throw
                0x0000000001426cc8       0x90 c:/intelfpga_lite/18.1/nios2eds/bin/gnu/h-x86_64-mingw32/bin/../lib/gcc/nios2-elf/5.3.0/../../../../../H-x86_64-mingw32/nios2-elf/lib/mno-hw-mul\libstdc++.a(eh_throw.o)
                0x0000000001426cc8                __cxa_throw
 .text.__cxa_rethrow
                0x0000000001426d58       0x84 c:/intelfpga_lite/18.1/nios2eds/bin/gnu/h-x86_64-mingw32/bin/../lib/gcc/nios2-elf/5.3.0/../../../../../H-x86_64-mingw32/nios2-elf/lib/mno-hw-mul\libstdc++.a(eh_throw.o)
                0x0000000001426d58                __cxa_rethrow
 .text          0x0000000001426ddc        0x0 c:/intelfpga_lite/18.1/nios2eds/bin/gnu/h-x86_64-mingw32/bin/../lib/gcc/nios2-elf/5.3.0/../../../../../H-x86_64-mingw32/nios2-elf/lib/mno-hw-mul\libstdc++.a(eh_catch.o)
 .text.__cxa_get_exception_ptr
                0x0000000001426ddc        0x8 c:/intelfpga_lite/18.1/nios2eds/bin/gnu/h-x86_64-mingw32/bin/../lib/gcc/nios2-elf/5.3.0/../../../../../H-x86_64-mingw32/nios2-elf/lib/mno-hw-mul\libstdc++.a(eh_catch.o)
                0x0000000001426ddc                __cxa_get_exception_ptr
 .text.__cxa_begin_catch
                0x0000000001426de4       0xb4 c:/intelfpga_lite/18.1/nios2eds/bin/gnu/h-x86_64-mingw32/bin/../lib/gcc/nios2-elf/5.3.0/../../../../../H-x86_64-mingw32/nios2-elf/lib/mno-hw-mul\libstdc++.a(eh_catch.o)
                0x0000000001426de4                __cxa_begin_catch
 .text.__cxa_end_catch
                0x0000000001426e98       0xb4 c:/intelfpga_lite/18.1/nios2eds/bin/gnu/h-x86_64-mingw32/bin/../lib/gcc/nios2-elf/5.3.0/../../../../../H-x86_64-mingw32/nios2-elf/lib/mno-hw-mul\libstdc++.a(eh_catch.o)
                0x0000000001426e98                __cxa_end_catch
 .text._ZSt18uncaught_exceptionv
                0x0000000001426f4c       0x20 c:/intelfpga_lite/18.1/nios2eds/bin/gnu/h-x86_64-mingw32/bin/../lib/gcc/nios2-elf/5.3.0/../../../../../H-x86_64-mingw32/nios2-elf/lib/mno-hw-mul\libstdc++.a(eh_catch.o)
                0x0000000001426f4c                std::uncaught_exception()
 .text          0x0000000001426f6c        0x0 c:/intelfpga_lite/18.1/nios2eds/bin/gnu/h-x86_64-mingw32/bin/../lib/gcc/nios2-elf/5.3.0/../../../../../H-x86_64-mingw32/nios2-elf/lib/mno-hw-mul\libstdc++.a(eh_terminate.o)
 .text._ZN10__cxxabiv111__terminateEPFvvE
                0x0000000001426f6c       0xc0 c:/intelfpga_lite/18.1/nios2eds/bin/gnu/h-x86_64-mingw32/bin/../lib/gcc/nios2-elf/5.3.0/../../../../../H-x86_64-mingw32/nios2-elf/lib/mno-hw-mul\libstdc++.a(eh_terminate.o)
                0x0000000001426f6c                __cxxabiv1::__terminate(void (*)())
 .text._ZSt9terminatev
                0x000000000142702c       0x18 c:/intelfpga_lite/18.1/nios2eds/bin/gnu/h-x86_64-mingw32/bin/../lib/gcc/nios2-elf/5.3.0/../../../../../H-x86_64-mingw32/nios2-elf/lib/mno-hw-mul\libstdc++.a(eh_terminate.o)
                0x000000000142702c                std::terminate()
 .text._ZN10__cxxabiv112__unexpectedEPFvvE
                0x0000000001427044       0x10 c:/intelfpga_lite/18.1/nios2eds/bin/gnu/h-x86_64-mingw32/bin/../lib/gcc/nios2-elf/5.3.0/../../../../../H-x86_64-mingw32/nios2-elf/lib/mno-hw-mul\libstdc++.a(eh_terminate.o)
                0x0000000001427044                __cxxabiv1::__unexpected(void (*)())
 .text._ZSt10unexpectedv
                0x0000000001427054       0x18 c:/intelfpga_lite/18.1/nios2eds/bin/gnu/h-x86_64-mingw32/bin/../lib/gcc/nios2-elf/5.3.0/../../../../../H-x86_64-mingw32/nios2-elf/lib/mno-hw-mul\libstdc++.a(eh_terminate.o)
                0x0000000001427054                std::unexpected()
 .text._ZSt13set_terminatePFvvE
                0x000000000142706c       0x14 c:/intelfpga_lite/18.1/nios2eds/bin/gnu/h-x86_64-mingw32/bin/../lib/gcc/nios2-elf/5.3.0/../../../../../H-x86_64-mingw32/nios2-elf/lib/mno-hw-mul\libstdc++.a(eh_terminate.o)
                0x000000000142706c                std::set_terminate(void (*)())
 .text._ZSt13get_terminatev
                0x0000000001427080       0x10 c:/intelfpga_lite/18.1/nios2eds/bin/gnu/h-x86_64-mingw32/bin/../lib/gcc/nios2-elf/5.3.0/../../../../../H-x86_64-mingw32/nios2-elf/lib/mno-hw-mul\libstdc++.a(eh_terminate.o)
                0x0000000001427080                std::get_terminate()
 .text._ZSt14set_unexpectedPFvvE
                0x0000000001427090       0x14 c:/intelfpga_lite/18.1/nios2eds/bin/gnu/h-x86_64-mingw32/bin/../lib/gcc/nios2-elf/5.3.0/../../../../../H-x86_64-mingw32/nios2-elf/lib/mno-hw-mul\libstdc++.a(eh_terminate.o)
                0x0000000001427090                std::set_unexpected(void (*)())
 .text._ZSt14get_unexpectedv
                0x00000000014270a4       0x10 c:/intelfpga_lite/18.1/nios2eds/bin/gnu/h-x86_64-mingw32/bin/../lib/gcc/nios2-elf/5.3.0/../../../../../H-x86_64-mingw32/nios2-elf/lib/mno-hw-mul\libstdc++.a(eh_terminate.o)
                0x00000000014270a4                std::get_unexpected()
 .text          0x00000000014270b4        0x0 c:/intelfpga_lite/18.1/nios2eds/bin/gnu/h-x86_64-mingw32/bin/../lib/gcc/nios2-elf/5.3.0/../../../../../H-x86_64-mingw32/nios2-elf/lib/mno-hw-mul\libstdc++.a(eh_unex_handler.o)
 .text          0x00000000014270b4        0x0 c:/intelfpga_lite/18.1/nios2eds/bin/gnu/h-x86_64-mingw32/bin/../lib/gcc/nios2-elf/5.3.0/../../../../../H-x86_64-mingw32/nios2-elf/lib/mno-hw-mul\libstdc++.a(eh_alloc.o)
 .text._ZN12_GLOBAL__N_14pool4freeEPv.constprop.4
                0x00000000014270b4       0xb8 c:/intelfpga_lite/18.1/nios2eds/bin/gnu/h-x86_64-mingw32/bin/../lib/gcc/nios2-elf/5.3.0/../../../../../H-x86_64-mingw32/nios2-elf/lib/mno-hw-mul\libstdc++.a(eh_alloc.o)
 .text._ZN12_GLOBAL__N_14pool8allocateEj.constprop.5
                0x000000000142716c       0xa8 c:/intelfpga_lite/18.1/nios2eds/bin/gnu/h-x86_64-mingw32/bin/../lib/gcc/nios2-elf/5.3.0/../../../../../H-x86_64-mingw32/nios2-elf/lib/mno-hw-mul\libstdc++.a(eh_alloc.o)
 .text.__cxa_allocate_exception
                0x0000000001427214       0x60 c:/intelfpga_lite/18.1/nios2eds/bin/gnu/h-x86_64-mingw32/bin/../lib/gcc/nios2-elf/5.3.0/../../../../../H-x86_64-mingw32/nios2-elf/lib/mno-hw-mul\libstdc++.a(eh_alloc.o)
                0x0000000001427214                __cxa_allocate_exception
 .text.__cxa_free_exception
                0x0000000001427274       0x28 c:/intelfpga_lite/18.1/nios2eds/bin/gnu/h-x86_64-mingw32/bin/../lib/gcc/nios2-elf/5.3.0/../../../../../H-x86_64-mingw32/nios2-elf/lib/mno-hw-mul\libstdc++.a(eh_alloc.o)
                0x0000000001427274                __cxa_free_exception
 .text.__cxa_allocate_dependent_exception
                0x000000000142729c       0x54 c:/intelfpga_lite/18.1/nios2eds/bin/gnu/h-x86_64-mingw32/bin/../lib/gcc/nios2-elf/5.3.0/../../../../../H-x86_64-mingw32/nios2-elf/lib/mno-hw-mul\libstdc++.a(eh_alloc.o)
                0x000000000142729c                __cxa_allocate_dependent_exception
 .text.__cxa_free_dependent_exception
                0x00000000014272f0       0x2c c:/intelfpga_lite/18.1/nios2eds/bin/gnu/h-x86_64-mingw32/bin/../lib/gcc/nios2-elf/5.3.0/../../../../../H-x86_64-mingw32/nios2-elf/lib/mno-hw-mul\libstdc++.a(eh_alloc.o)
                0x00000000014272f0                __cxa_free_dependent_exception
 .text.startup._GLOBAL__sub_I___cxa_allocate_exception
                0x000000000142731c       0x5c c:/intelfpga_lite/18.1/nios2eds/bin/gnu/h-x86_64-mingw32/bin/../lib/gcc/nios2-elf/5.3.0/../../../../../H-x86_64-mingw32/nios2-elf/lib/mno-hw-mul\libstdc++.a(eh_alloc.o)
 .text          0x0000000001427378        0x0 c:/intelfpga_lite/18.1/nios2eds/bin/gnu/h-x86_64-mingw32/bin/../lib/gcc/nios2-elf/5.3.0/../../../../../H-x86_64-mingw32/nios2-elf/lib/mno-hw-mul\libstdc++.a(eh_call.o)
 .text.__cxa_call_terminate
                0x0000000001427378       0x58 c:/intelfpga_lite/18.1/nios2eds/bin/gnu/h-x86_64-mingw32/bin/../lib/gcc/nios2-elf/5.3.0/../../../../../H-x86_64-mingw32/nios2-elf/lib/mno-hw-mul\libstdc++.a(eh_call.o)
                0x0000000001427378                __cxa_call_terminate
 .text          0x00000000014273d0        0x0 c:/intelfpga_lite/18.1/nios2eds/bin/gnu/h-x86_64-mingw32/bin/../lib/gcc/nios2-elf/5.3.0/../../../../../H-x86_64-mingw32/nios2-elf/lib/mno-hw-mul\libstdc++.a(eh_globals.o)
 .text.__cxa_get_globals_fast
                0x00000000014273d0        0xc c:/intelfpga_lite/18.1/nios2eds/bin/gnu/h-x86_64-mingw32/bin/../lib/gcc/nios2-elf/5.3.0/../../../../../H-x86_64-mingw32/nios2-elf/lib/mno-hw-mul\libstdc++.a(eh_globals.o)
                0x00000000014273d0                __cxa_get_globals_fast
 .text.__cxa_get_globals
                0x00000000014273dc        0xc c:/intelfpga_lite/18.1/nios2eds/bin/gnu/h-x86_64-mingw32/bin/../lib/gcc/nios2-elf/5.3.0/../../../../../H-x86_64-mingw32/nios2-elf/lib/mno-hw-mul\libstdc++.a(eh_globals.o)
                0x00000000014273dc                __cxa_get_globals
 .text          0x00000000014273e8        0x0 c:/intelfpga_lite/18.1/nios2eds/bin/gnu/h-x86_64-mingw32/bin/../lib/gcc/nios2-elf/5.3.0/../../../../../H-x86_64-mingw32/nios2-elf/lib/mno-hw-mul\libstdc++.a(eh_exception.o)
 .text._ZNSt9exceptionD2Ev
                0x00000000014273e8        0x4 c:/intelfpga_lite/18.1/nios2eds/bin/gnu/h-x86_64-mingw32/bin/../lib/gcc/nios2-elf/5.3.0/../../../../../H-x86_64-mingw32/nios2-elf/lib/mno-hw-mul\libstdc++.a(eh_exception.o)
                0x00000000014273e8                std::exception::~exception()
                0x00000000014273e8                std::exception::~exception()
 .text._ZNSt13bad_exceptionD2Ev
                0x00000000014273ec        0x4 c:/intelfpga_lite/18.1/nios2eds/bin/gnu/h-x86_64-mingw32/bin/../lib/gcc/nios2-elf/5.3.0/../../../../../H-x86_64-mingw32/nios2-elf/lib/mno-hw-mul\libstdc++.a(eh_exception.o)
                0x00000000014273ec                std::bad_exception::~bad_exception()
                0x00000000014273ec                std::bad_exception::~bad_exception()
 .text._ZNKSt9exception4whatEv
                0x00000000014273f0        0xc c:/intelfpga_lite/18.1/nios2eds/bin/gnu/h-x86_64-mingw32/bin/../lib/gcc/nios2-elf/5.3.0/../../../../../H-x86_64-mingw32/nios2-elf/lib/mno-hw-mul\libstdc++.a(eh_exception.o)
                0x00000000014273f0                std::exception::what() const
 .text._ZNKSt13bad_exception4whatEv
                0x00000000014273fc        0xc c:/intelfpga_lite/18.1/nios2eds/bin/gnu/h-x86_64-mingw32/bin/../lib/gcc/nios2-elf/5.3.0/../../../../../H-x86_64-mingw32/nios2-elf/lib/mno-hw-mul\libstdc++.a(eh_exception.o)
                0x00000000014273fc                std::bad_exception::what() const
 .text._ZNSt9exceptionD0Ev
                0x0000000001427408        0x4 c:/intelfpga_lite/18.1/nios2eds/bin/gnu/h-x86_64-mingw32/bin/../lib/gcc/nios2-elf/5.3.0/../../../../../H-x86_64-mingw32/nios2-elf/lib/mno-hw-mul\libstdc++.a(eh_exception.o)
                0x0000000001427408                std::exception::~exception()
 .text._ZNSt13bad_exceptionD0Ev
                0x000000000142740c        0x4 c:/intelfpga_lite/18.1/nios2eds/bin/gnu/h-x86_64-mingw32/bin/../lib/gcc/nios2-elf/5.3.0/../../../../../H-x86_64-mingw32/nios2-elf/lib/mno-hw-mul\libstdc++.a(eh_exception.o)
                0x000000000142740c                std::bad_exception::~bad_exception()
 .text._ZN10__cxxabiv115__forced_unwindD2Ev
                0x0000000001427410        0x4 c:/intelfpga_lite/18.1/nios2eds/bin/gnu/h-x86_64-mingw32/bin/../lib/gcc/nios2-elf/5.3.0/../../../../../H-x86_64-mingw32/nios2-elf/lib/mno-hw-mul\libstdc++.a(eh_exception.o)
                0x0000000001427410                __cxxabiv1::__forced_unwind::~__forced_unwind()
                0x0000000001427410                __cxxabiv1::__forced_unwind::~__forced_unwind()
 .text._ZN10__cxxabiv115__forced_unwindD0Ev
                0x0000000001427414        0x4 c:/intelfpga_lite/18.1/nios2eds/bin/gnu/h-x86_64-mingw32/bin/../lib/gcc/nios2-elf/5.3.0/../../../../../H-x86_64-mingw32/nios2-elf/lib/mno-hw-mul\libstdc++.a(eh_exception.o)
                0x0000000001427414                __cxxabiv1::__forced_unwind::~__forced_unwind()
 .text._ZN10__cxxabiv119__foreign_exceptionD2Ev
                0x0000000001427418        0x4 c:/intelfpga_lite/18.1/nios2eds/bin/gnu/h-x86_64-mingw32/bin/../lib/gcc/nios2-elf/5.3.0/../../../../../H-x86_64-mingw32/nios2-elf/lib/mno-hw-mul\libstdc++.a(eh_exception.o)
                0x0000000001427418                __cxxabiv1::__foreign_exception::~__foreign_exception()
                0x0000000001427418                __cxxabiv1::__foreign_exception::~__foreign_exception()
 .text._ZN10__cxxabiv119__foreign_exceptionD0Ev
                0x000000000142741c        0x4 c:/intelfpga_lite/18.1/nios2eds/bin/gnu/h-x86_64-mingw32/bin/../lib/gcc/nios2-elf/5.3.0/../../../../../H-x86_64-mingw32/nios2-elf/lib/mno-hw-mul\libstdc++.a(eh_exception.o)
                0x000000000142741c                __cxxabiv1::__foreign_exception::~__foreign_exception()
 .text          0x0000000001427420        0x0 c:/intelfpga_lite/18.1/nios2eds/bin/gnu/h-x86_64-mingw32/bin/../lib/gcc/nios2-elf/5.3.0/../../../../../H-x86_64-mingw32/nios2-elf/lib/mno-hw-mul\libstdc++.a(eh_term_handler.o)
 .text          0x0000000001427420        0x0 c:/intelfpga_lite/18.1/nios2eds/bin/gnu/h-x86_64-mingw32/bin/../lib/gcc/nios2-elf/5.3.0/../../../../../H-x86_64-mingw32/nios2-elf/lib/mno-hw-mul\libstdc++.a(del_op.o)
 .text._ZdlPv   0x0000000001427420        0x4 c:/intelfpga_lite/18.1/nios2eds/bin/gnu/h-x86_64-mingw32/bin/../lib/gcc/nios2-elf/5.3.0/../../../../../H-x86_64-mingw32/nios2-elf/lib/mno-hw-mul\libstdc++.a(del_op.o)
                0x0000000001427420                operator delete(void*)
 .text          0x0000000001427424        0x0 c:/intelfpga_lite/18.1/nios2eds/bin/gnu/h-x86_64-mingw32/bin/../lib/gcc/nios2-elf/5.3.0/../../../../../H-x86_64-mingw32/nios2-elf/lib/mno-hw-mul\libstdc++.a(pure.o)
 .text.__cxa_pure_virtual
                0x0000000001427424       0x20 c:/intelfpga_lite/18.1/nios2eds/bin/gnu/h-x86_64-mingw32/bin/../lib/gcc/nios2-elf/5.3.0/../../../../../H-x86_64-mingw32/nios2-elf/lib/mno-hw-mul\libstdc++.a(pure.o)
                0x0000000001427424                __cxa_pure_virtual
 .text.__cxa_deleted_virtual
                0x0000000001427444       0x20 c:/intelfpga_lite/18.1/nios2eds/bin/gnu/h-x86_64-mingw32/bin/../lib/gcc/nios2-elf/5.3.0/../../../../../H-x86_64-mingw32/nios2-elf/lib/mno-hw-mul\libstdc++.a(pure.o)
                0x0000000001427444                __cxa_deleted_virtual
 .text          0x0000000001427464        0x0 c:/intelfpga_lite/18.1/nios2eds/bin/gnu/h-x86_64-mingw32/bin/../lib/gcc/nios2-elf/5.3.0/../../../../../H-x86_64-mingw32/nios2-elf/lib/mno-hw-mul\libstdc++.a(class_type_info.o)
 .text._ZNK10__cxxabiv117__class_type_info11__do_upcastEPKS0_PPv
                0x0000000001427464       0x78 c:/intelfpga_lite/18.1/nios2eds/bin/gnu/h-x86_64-mingw32/bin/../lib/gcc/nios2-elf/5.3.0/../../../../../H-x86_64-mingw32/nios2-elf/lib/mno-hw-mul\libstdc++.a(class_type_info.o)
                0x0000000001427464                __cxxabiv1::__class_type_info::__do_upcast(__cxxabiv1::__class_type_info const*, void**) const
 .text._ZNK10__cxxabiv117__class_type_info20__do_find_public_srcEiPKvPKS0_S2_
                0x00000000014274dc       0x18 c:/intelfpga_lite/18.1/nios2eds/bin/gnu/h-x86_64-mingw32/bin/../lib/gcc/nios2-elf/5.3.0/../../../../../H-x86_64-mingw32/nios2-elf/lib/mno-hw-mul\libstdc++.a(class_type_info.o)
                0x00000000014274dc                __cxxabiv1::__class_type_info::__do_find_public_src(int, void const*, __cxxabiv1::__class_type_info const*, void const*) const
 .text._ZN10__cxxabiv117__class_type_infoD2Ev
                0x00000000014274f4       0x10 c:/intelfpga_lite/18.1/nios2eds/bin/gnu/h-x86_64-mingw32/bin/../lib/gcc/nios2-elf/5.3.0/../../../../../H-x86_64-mingw32/nios2-elf/lib/mno-hw-mul\libstdc++.a(class_type_info.o)
                0x00000000014274f4                __cxxabiv1::__class_type_info::~__class_type_info()
                0x00000000014274f4                __cxxabiv1::__class_type_info::~__class_type_info()
 .text._ZN10__cxxabiv117__class_type_infoD0Ev
                0x0000000001427504       0x34 c:/intelfpga_lite/18.1/nios2eds/bin/gnu/h-x86_64-mingw32/bin/../lib/gcc/nios2-elf/5.3.0/../../../../../H-x86_64-mingw32/nios2-elf/lib/mno-hw-mul\libstdc++.a(class_type_info.o)
                0x0000000001427504                __cxxabiv1::__class_type_info::~__class_type_info()
 .text._ZNK10__cxxabiv117__class_type_info11__do_upcastEPKS0_PKvRNS0_15__upcast_resultE
                0x0000000001427538       0x6c c:/intelfpga_lite/18.1/nios2eds/bin/gnu/h-x86_64-mingw32/bin/../lib/gcc/nios2-elf/5.3.0/../../../../../H-x86_64-mingw32/nios2-elf/lib/mno-hw-mul\libstdc++.a(class_type_info.o)
                0x0000000001427538                __cxxabiv1::__class_type_info::__do_upcast(__cxxabiv1::__class_type_info const*, void const*, __cxxabiv1::__class_type_info::__upcast_result&) const
 .text._ZNK10__cxxabiv117__class_type_info12__do_dyncastEiNS0_10__sub_kindEPKS0_PKvS3_S5_RNS0_16__dyncast_resultE
                0x00000000014275a4       0xd0 c:/intelfpga_lite/18.1/nios2eds/bin/gnu/h-x86_64-mingw32/bin/../lib/gcc/nios2-elf/5.3.0/../../../../../H-x86_64-mingw32/nios2-elf/lib/mno-hw-mul\libstdc++.a(class_type_info.o)
                0x00000000014275a4                __cxxabiv1::__class_type_info::__do_dyncast(int, __cxxabiv1::__class_type_info::__sub_kind, __cxxabiv1::__class_type_info const*, void const*, __cxxabiv1::__class_type_info const*, void const*, __cxxabiv1::__class_type_info::__dyncast_result&) const
 .text._ZNK10__cxxabiv117__class_type_info10__do_catchEPKSt9type_infoPPvj
                0x0000000001427674       0xb8 c:/intelfpga_lite/18.1/nios2eds/bin/gnu/h-x86_64-mingw32/bin/../lib/gcc/nios2-elf/5.3.0/../../../../../H-x86_64-mingw32/nios2-elf/lib/mno-hw-mul\libstdc++.a(class_type_info.o)
                0x0000000001427674                __cxxabiv1::__class_type_info::__do_catch(std::type_info const*, void**, unsigned int) const
 .text          0x000000000142772c        0x0 c:/intelfpga_lite/18.1/nios2eds/bin/gnu/h-x86_64-mingw32/bin/../lib/gcc/nios2-elf/5.3.0/../../../../../H-x86_64-mingw32/nios2-elf/lib/mno-hw-mul\libstdc++.a(si_class_type_info.o)
 .text._ZN10__cxxabiv120__si_class_type_infoD2Ev
                0x000000000142772c       0x10 c:/intelfpga_lite/18.1/nios2eds/bin/gnu/h-x86_64-mingw32/bin/../lib/gcc/nios2-elf/5.3.0/../../../../../H-x86_64-mingw32/nios2-elf/lib/mno-hw-mul\libstdc++.a(si_class_type_info.o)
                0x000000000142772c                __cxxabiv1::__si_class_type_info::~__si_class_type_info()
                0x000000000142772c                __cxxabiv1::__si_class_type_info::~__si_class_type_info()
 .text._ZN10__cxxabiv120__si_class_type_infoD0Ev
                0x000000000142773c       0x34 c:/intelfpga_lite/18.1/nios2eds/bin/gnu/h-x86_64-mingw32/bin/../lib/gcc/nios2-elf/5.3.0/../../../../../H-x86_64-mingw32/nios2-elf/lib/mno-hw-mul\libstdc++.a(si_class_type_info.o)
                0x000000000142773c                __cxxabiv1::__si_class_type_info::~__si_class_type_info()
 .text._ZNK10__cxxabiv120__si_class_type_info12__do_dyncastEiNS_17__class_type_info10__sub_kindEPKS1_PKvS4_S6_RNS1_16__dyncast_resultE
                0x0000000001427770      0x160 c:/intelfpga_lite/18.1/nios2eds/bin/gnu/h-x86_64-mingw32/bin/../lib/gcc/nios2-elf/5.3.0/../../../../../H-x86_64-mingw32/nios2-elf/lib/mno-hw-mul\libstdc++.a(si_class_type_info.o)
                0x0000000001427770                __cxxabiv1::__si_class_type_info::__do_dyncast(int, __cxxabiv1::__class_type_info::__sub_kind, __cxxabiv1::__class_type_info const*, void const*, __cxxabiv1::__class_type_info const*, void const*, __cxxabiv1::__class_type_info::__dyncast_result&) const
 .text._ZNK10__cxxabiv120__si_class_type_info20__do_find_public_srcEiPKvPKNS_17__class_type_infoES2_
                0x00000000014278d0       0x9c c:/intelfpga_lite/18.1/nios2eds/bin/gnu/h-x86_64-mingw32/bin/../lib/gcc/nios2-elf/5.3.0/../../../../../H-x86_64-mingw32/nios2-elf/lib/mno-hw-mul\libstdc++.a(si_class_type_info.o)
                0x00000000014278d0                __cxxabiv1::__si_class_type_info::__do_find_public_src(int, void const*, __cxxabiv1::__class_type_info const*, void const*) const
 .text._ZNK10__cxxabiv120__si_class_type_info11__do_upcastEPKNS_17__class_type_infoEPKvRNS1_15__upcast_resultE
                0x000000000142796c       0x84 c:/intelfpga_lite/18.1/nios2eds/bin/gnu/h-x86_64-mingw32/bin/../lib/gcc/nios2-elf/5.3.0/../../../../../H-x86_64-mingw32/nios2-elf/lib/mno-hw-mul\libstdc++.a(si_class_type_info.o)
                0x000000000142796c                __cxxabiv1::__si_class_type_info::__do_upcast(__cxxabiv1::__class_type_info const*, void const*, __cxxabiv1::__class_type_info::__upcast_result&) const
 .text          0x00000000014279f0        0x0 c:/intelfpga_lite/18.1/nios2eds/bin/gnu/h-x86_64-mingw32/bin/../lib/gcc/nios2-elf/5.3.0/../../../../../H-x86_64-mingw32/nios2-elf/lib/mno-hw-mul\libstdc++.a(tinfo.o)
 .text._ZNSt9type_infoD2Ev
                0x00000000014279f0        0x4 c:/intelfpga_lite/18.1/nios2eds/bin/gnu/h-x86_64-mingw32/bin/../lib/gcc/nios2-elf/5.3.0/../../../../../H-x86_64-mingw32/nios2-elf/lib/mno-hw-mul\libstdc++.a(tinfo.o)
                0x00000000014279f0                std::type_info::~type_info()
                0x00000000014279f0                std::type_info::~type_info()
 .text._ZNKSt9type_info15__is_function_pEv
                0x00000000014279f4        0x8 c:/intelfpga_lite/18.1/nios2eds/bin/gnu/h-x86_64-mingw32/bin/../lib/gcc/nios2-elf/5.3.0/../../../../../H-x86_64-mingw32/nios2-elf/lib/mno-hw-mul\libstdc++.a(tinfo.o)
                0x00000000014279f4                std::type_info::__is_pointer_p() const
                0x00000000014279f4                std::type_info::__is_function_p() const
 .text._ZNKSt9type_info11__do_upcastEPKN10__cxxabiv117__class_type_infoEPPv
                0x00000000014279fc        0x8 c:/intelfpga_lite/18.1/nios2eds/bin/gnu/h-x86_64-mingw32/bin/../lib/gcc/nios2-elf/5.3.0/../../../../../H-x86_64-mingw32/nios2-elf/lib/mno-hw-mul\libstdc++.a(tinfo.o)
                0x00000000014279fc                std::type_info::__do_upcast(__cxxabiv1::__class_type_info const*, void**) const
 .text._ZNSt9type_infoD0Ev
                0x0000000001427a04        0x4 c:/intelfpga_lite/18.1/nios2eds/bin/gnu/h-x86_64-mingw32/bin/../lib/gcc/nios2-elf/5.3.0/../../../../../H-x86_64-mingw32/nios2-elf/lib/mno-hw-mul\libstdc++.a(tinfo.o)
                0x0000000001427a04                std::type_info::~type_info()
 .text._ZNKSt9type_info10__do_catchEPKS_PPvj
                0x0000000001427a08       0x44 c:/intelfpga_lite/18.1/nios2eds/bin/gnu/h-x86_64-mingw32/bin/../lib/gcc/nios2-elf/5.3.0/../../../../../H-x86_64-mingw32/nios2-elf/lib/mno-hw-mul\libstdc++.a(tinfo.o)
                0x0000000001427a08                std::type_info::__do_catch(std::type_info const*, void**, unsigned int) const
 .text          0x0000000001427a4c       0x60 c:/intelfpga_lite/18.1/nios2eds/bin/gnu/h-x86_64-mingw32/bin/../lib/gcc/nios2-elf/5.3.0/mno-hw-mul\libgcc.a(_fixunssfsi.o)
                0x0000000001427a4c                __fixunssfsi
 .text          0x0000000001427aac       0x74 c:/intelfpga_lite/18.1/nios2eds/bin/gnu/h-x86_64-mingw32/bin/../lib/gcc/nios2-elf/5.3.0/mno-hw-mul\libgcc.a(_fixunsdfsi.o)
                0x0000000001427aac                __fixunsdfsi
 .text          0x0000000001427b20      0x5fc c:/intelfpga_lite/18.1/nios2eds/bin/gnu/h-x86_64-mingw32/bin/../lib/gcc/nios2-elf/5.3.0/mno-hw-mul\libgcc.a(_udivdi3.o)
                0x0000000001427b20                __udivdi3
 .text          0x000000000142811c      0x5c4 c:/intelfpga_lite/18.1/nios2eds/bin/gnu/h-x86_64-mingw32/bin/../lib/gcc/nios2-elf/5.3.0/mno-hw-mul\libgcc.a(_umoddi3.o)
                0x000000000142811c                __umoddi3
 .text          0x00000000014286e0      0x1b4 c:/intelfpga_lite/18.1/nios2eds/bin/gnu/h-x86_64-mingw32/bin/../lib/gcc/nios2-elf/5.3.0/mno-hw-mul\libgcc.a(lib2-divmod.o)
                0x00000000014286e0                __divsi3
                0x0000000001428764                __modsi3
                0x00000000014287d8                __udivsi3
                0x000000000142883c                __umodsi3
 .text          0x0000000001428894       0x28 c:/intelfpga_lite/18.1/nios2eds/bin/gnu/h-x86_64-mingw32/bin/../lib/gcc/nios2-elf/5.3.0/mno-hw-mul\libgcc.a(lib2-mul.o)
                0x0000000001428894                __mulsi3
 .text          0x00000000014288bc      0x440 c:/intelfpga_lite/18.1/nios2eds/bin/gnu/h-x86_64-mingw32/bin/../lib/gcc/nios2-elf/5.3.0/mno-hw-mul\libgcc.a(divsf3.o)
                0x00000000014288bc                __divsf3
 .text          0x0000000001428cfc       0xbc c:/intelfpga_lite/18.1/nios2eds/bin/gnu/h-x86_64-mingw32/bin/../lib/gcc/nios2-elf/5.3.0/mno-hw-mul\libgcc.a(gesf2.o)
                0x0000000001428cfc                __gesf2
                0x0000000001428cfc                __gtsf2
 .text          0x0000000001428db8      0x430 c:/intelfpga_lite/18.1/nios2eds/bin/gnu/h-x86_64-mingw32/bin/../lib/gcc/nios2-elf/5.3.0/mno-hw-mul\libgcc.a(mulsf3.o)
                0x0000000001428db8                __mulsf3
 .text          0x00000000014291e8      0x4e4 c:/intelfpga_lite/18.1/nios2eds/bin/gnu/h-x86_64-mingw32/bin/../lib/gcc/nios2-elf/5.3.0/mno-hw-mul\libgcc.a(subsf3.o)
                0x00000000014291e8                __subsf3
 .text          0x00000000014296cc       0x70 c:/intelfpga_lite/18.1/nios2eds/bin/gnu/h-x86_64-mingw32/bin/../lib/gcc/nios2-elf/5.3.0/mno-hw-mul\libgcc.a(fixsfsi.o)
                0x00000000014296cc                __fixsfsi
 .text          0x000000000142973c      0x124 c:/intelfpga_lite/18.1/nios2eds/bin/gnu/h-x86_64-mingw32/bin/../lib/gcc/nios2-elf/5.3.0/mno-hw-mul\libgcc.a(floatsisf.o)
                0x000000000142973c                __floatsisf
 .text          0x0000000001429860       0xf0 c:/intelfpga_lite/18.1/nios2eds/bin/gnu/h-x86_64-mingw32/bin/../lib/gcc/nios2-elf/5.3.0/mno-hw-mul\libgcc.a(floatunsisf.o)
                0x0000000001429860                __floatunsisf
 .text          0x0000000001429950      0x9d0 c:/intelfpga_lite/18.1/nios2eds/bin/gnu/h-x86_64-mingw32/bin/../lib/gcc/nios2-elf/5.3.0/mno-hw-mul\libgcc.a(divdf3.o)
                0x0000000001429950                __divdf3
 .text          0x000000000142a320       0x88 c:/intelfpga_lite/18.1/nios2eds/bin/gnu/h-x86_64-mingw32/bin/../lib/gcc/nios2-elf/5.3.0/mno-hw-mul\libgcc.a(eqdf2.o)
                0x000000000142a320                __nedf2
                0x000000000142a320                __eqdf2
 .text          0x000000000142a3a8       0xdc c:/intelfpga_lite/18.1/nios2eds/bin/gnu/h-x86_64-mingw32/bin/../lib/gcc/nios2-elf/5.3.0/mno-hw-mul\libgcc.a(gedf2.o)
                0x000000000142a3a8                __gedf2
                0x000000000142a3a8                __gtdf2
 .text          0x000000000142a484       0xf4 c:/intelfpga_lite/18.1/nios2eds/bin/gnu/h-x86_64-mingw32/bin/../lib/gcc/nios2-elf/5.3.0/mno-hw-mul\libgcc.a(ledf2.o)
                0x000000000142a484                __ledf2
                0x000000000142a484                __ltdf2
 .text          0x000000000142a578      0x86c c:/intelfpga_lite/18.1/nios2eds/bin/gnu/h-x86_64-mingw32/bin/../lib/gcc/nios2-elf/5.3.0/mno-hw-mul\libgcc.a(muldf3.o)
                0x000000000142a578                __muldf3
 .text          0x000000000142ade4      0x8fc c:/intelfpga_lite/18.1/nios2eds/bin/gnu/h-x86_64-mingw32/bin/../lib/gcc/nios2-elf/5.3.0/mno-hw-mul\libgcc.a(subdf3.o)
                0x000000000142ade4                __subdf3
 .text          0x000000000142b6e0       0x80 c:/intelfpga_lite/18.1/nios2eds/bin/gnu/h-x86_64-mingw32/bin/../lib/gcc/nios2-elf/5.3.0/mno-hw-mul\libgcc.a(fixdfsi.o)
                0x000000000142b6e0                __fixdfsi
 .text          0x000000000142b760       0xdc c:/intelfpga_lite/18.1/nios2eds/bin/gnu/h-x86_64-mingw32/bin/../lib/gcc/nios2-elf/5.3.0/mno-hw-mul\libgcc.a(floatsidf.o)
                0x000000000142b760                __floatsidf
 .text          0x000000000142b83c       0xa8 c:/intelfpga_lite/18.1/nios2eds/bin/gnu/h-x86_64-mingw32/bin/../lib/gcc/nios2-elf/5.3.0/mno-hw-mul\libgcc.a(floatunsidf.o)
                0x000000000142b83c                __floatunsidf
 .text          0x000000000142b8e4      0x520 c:/intelfpga_lite/18.1/nios2eds/bin/gnu/h-x86_64-mingw32/bin/../lib/gcc/nios2-elf/5.3.0/mno-hw-mul\libgcc.a(unwind-sjlj.o)
                0x000000000142baec                _Unwind_SjLj_Register
                0x000000000142bb04                _Unwind_SjLj_Unregister
                0x000000000142bb18                _Unwind_GetGR
                0x000000000142bb34                _Unwind_GetCFA
                0x000000000142bb4c                _Unwind_SetGR
                0x000000000142bb68                _Unwind_GetIP
                0x000000000142bb78                _Unwind_GetIPInfo
                0x000000000142bb98                _Unwind_SetIP
                0x000000000142bba8                _Unwind_GetLanguageSpecificData
                0x000000000142bbb4                _Unwind_GetRegionStart
                0x000000000142bbbc                _Unwind_FindEnclosingFunction
                0x000000000142bbc4                _Unwind_GetDataRelBase
                0x000000000142bbcc                _Unwind_GetTextRelBase
                0x000000000142bbd4                _Unwind_SjLj_RaiseException
                0x000000000142bca4                _Unwind_SjLj_ForcedUnwind
                0x000000000142bce8                _Unwind_SjLj_Resume
                0x000000000142bd2c                _Unwind_SjLj_Resume_or_Rethrow
                0x000000000142bd78                _Unwind_DeleteException
                0x000000000142bd90                _Unwind_Backtrace
 .text          0x000000000142be04        0x0 c:/intelfpga_lite/18.1/nios2eds/bin/gnu/h-x86_64-mingw32/bin/../lib/gcc/nios2-elf/5.3.0/mno-hw-mul\libgcc.a(_clz.o)
 .text          0x000000000142be04       0x64 c:/intelfpga_lite/18.1/nios2eds/bin/gnu/h-x86_64-mingw32/bin/../lib/gcc/nios2-elf/5.3.0/mno-hw-mul\libgcc.a(_clzsi2.o)
                0x000000000142be04                __clzsi2
 .text          0x000000000142be68        0x0 c:/intelfpga_lite/18.1/nios2eds/bin/gnu/h-x86_64-mingw32/bin/../lib/gcc/nios2-elf/5.3.0/../../../../../H-x86_64-mingw32/nios2-elf/lib/mno-hw-mul\libc.a(lib_a-abort.o)
 .text.abort    0x000000000142be68       0x18 c:/intelfpga_lite/18.1/nios2eds/bin/gnu/h-x86_64-mingw32/bin/../lib/gcc/nios2-elf/5.3.0/../../../../../H-x86_64-mingw32/nios2-elf/lib/mno-hw-mul\libc.a(lib_a-abort.o)
                0x000000000142be68                abort
 .text          0x000000000142be80        0x0 c:/intelfpga_lite/18.1/nios2eds/bin/gnu/h-x86_64-mingw32/bin/../lib/gcc/nios2-elf/5.3.0/../../../../../H-x86_64-mingw32/nios2-elf/lib/mno-hw-mul\libc.a(lib_a-malloc.o)
 .text.malloc   0x000000000142be80       0x14 c:/intelfpga_lite/18.1/nios2eds/bin/gnu/h-x86_64-mingw32/bin/../lib/gcc/nios2-elf/5.3.0/../../../../../H-x86_64-mingw32/nios2-elf/lib/mno-hw-mul\libc.a(lib_a-malloc.o)
                0x000000000142be80                malloc
 .text.free     0x000000000142be94       0x14 c:/intelfpga_lite/18.1/nios2eds/bin/gnu/h-x86_64-mingw32/bin/../lib/gcc/nios2-elf/5.3.0/../../../../../H-x86_64-mingw32/nios2-elf/lib/mno-hw-mul\libc.a(lib_a-malloc.o)
                0x000000000142be94                free
 .text          0x000000000142bea8        0x0 c:/intelfpga_lite/18.1/nios2eds/bin/gnu/h-x86_64-mingw32/bin/../lib/gcc/nios2-elf/5.3.0/../../../../../H-x86_64-mingw32/nios2-elf/lib/mno-hw-mul\libc.a(lib_a-mallocr.o)
 .text._malloc_r
                0x000000000142bea8      0x80c c:/intelfpga_lite/18.1/nios2eds/bin/gnu/h-x86_64-mingw32/bin/../lib/gcc/nios2-elf/5.3.0/../../../../../H-x86_64-mingw32/nios2-elf/lib/mno-hw-mul\libc.a(lib_a-mallocr.o)
                0x000000000142bea8                _malloc_r
 .text          0x000000000142c6b4        0x0 c:/intelfpga_lite/18.1/nios2eds/bin/gnu/h-x86_64-mingw32/bin/../lib/gcc/nios2-elf/5.3.0/../../../../../H-x86_64-mingw32/nios2-elf/lib/mno-hw-mul\libc.a(lib_a-memset.o)
 .text.memset   0x000000000142c6b4      0x128 c:/intelfpga_lite/18.1/nios2eds/bin/gnu/h-x86_64-mingw32/bin/../lib/gcc/nios2-elf/5.3.0/../../../../../H-x86_64-mingw32/nios2-elf/lib/mno-hw-mul\libc.a(lib_a-memset.o)
                0x000000000142c6b4                memset
 .text          0x000000000142c7dc        0x0 c:/intelfpga_lite/18.1/nios2eds/bin/gnu/h-x86_64-mingw32/bin/../lib/gcc/nios2-elf/5.3.0/../../../../../H-x86_64-mingw32/nios2-elf/lib/mno-hw-mul\libc.a(lib_a-sbrkr.o)
 .text._sbrk_r  0x000000000142c7dc       0x54 c:/intelfpga_lite/18.1/nios2eds/bin/gnu/h-x86_64-mingw32/bin/../lib/gcc/nios2-elf/5.3.0/../../../../../H-x86_64-mingw32/nios2-elf/lib/mno-hw-mul\libc.a(lib_a-sbrkr.o)
                0x000000000142c7dc                _sbrk_r
 .text          0x000000000142c830        0x0 c:/intelfpga_lite/18.1/nios2eds/bin/gnu/h-x86_64-mingw32/bin/../lib/gcc/nios2-elf/5.3.0/../../../../../H-x86_64-mingw32/nios2-elf/lib/mno-hw-mul\libc.a(lib_a-signal.o)
 .text._init_signal_r
                0x000000000142c830       0x6c c:/intelfpga_lite/18.1/nios2eds/bin/gnu/h-x86_64-mingw32/bin/../lib/gcc/nios2-elf/5.3.0/../../../../../H-x86_64-mingw32/nios2-elf/lib/mno-hw-mul\libc.a(lib_a-signal.o)
                0x000000000142c830                _init_signal_r
 .text._signal_r
                0x000000000142c89c       0x84 c:/intelfpga_lite/18.1/nios2eds/bin/gnu/h-x86_64-mingw32/bin/../lib/gcc/nios2-elf/5.3.0/../../../../../H-x86_64-mingw32/nios2-elf/lib/mno-hw-mul\libc.a(lib_a-signal.o)
                0x000000000142c89c                _signal_r
 .text._raise_r
                0x000000000142c920       0xbc c:/intelfpga_lite/18.1/nios2eds/bin/gnu/h-x86_64-mingw32/bin/../lib/gcc/nios2-elf/5.3.0/../../../../../H-x86_64-mingw32/nios2-elf/lib/mno-hw-mul\libc.a(lib_a-signal.o)
                0x000000000142c920                _raise_r
 .text.__sigtramp_r
                0x000000000142c9dc       0xa8 c:/intelfpga_lite/18.1/nios2eds/bin/gnu/h-x86_64-mingw32/bin/../lib/gcc/nios2-elf/5.3.0/../../../../../H-x86_64-mingw32/nios2-elf/lib/mno-hw-mul\libc.a(lib_a-signal.o)
                0x000000000142c9dc                __sigtramp_r
 .text.raise    0x000000000142ca84       0x14 c:/intelfpga_lite/18.1/nios2eds/bin/gnu/h-x86_64-mingw32/bin/../lib/gcc/nios2-elf/5.3.0/../../../../../H-x86_64-mingw32/nios2-elf/lib/mno-hw-mul\libc.a(lib_a-signal.o)
                0x000000000142ca84                raise
 .text.signal   0x000000000142ca98       0x18 c:/intelfpga_lite/18.1/nios2eds/bin/gnu/h-x86_64-mingw32/bin/../lib/gcc/nios2-elf/5.3.0/../../../../../H-x86_64-mingw32/nios2-elf/lib/mno-hw-mul\libc.a(lib_a-signal.o)
                0x000000000142ca98                signal
 .text._init_signal
                0x000000000142cab0       0x10 c:/intelfpga_lite/18.1/nios2eds/bin/gnu/h-x86_64-mingw32/bin/../lib/gcc/nios2-elf/5.3.0/../../../../../H-x86_64-mingw32/nios2-elf/lib/mno-hw-mul\libc.a(lib_a-signal.o)
                0x000000000142cab0                _init_signal
 .text.__sigtramp
                0x000000000142cac0       0x14 c:/intelfpga_lite/18.1/nios2eds/bin/gnu/h-x86_64-mingw32/bin/../lib/gcc/nios2-elf/5.3.0/../../../../../H-x86_64-mingw32/nios2-elf/lib/mno-hw-mul\libc.a(lib_a-signal.o)
                0x000000000142cac0                __sigtramp
 .text          0x000000000142cad4        0x0 c:/intelfpga_lite/18.1/nios2eds/bin/gnu/h-x86_64-mingw32/bin/../lib/gcc/nios2-elf/5.3.0/../../../../../H-x86_64-mingw32/nios2-elf/lib/mno-hw-mul\libc.a(lib_a-signalr.o)
 .text._kill_r  0x000000000142cad4       0x5c c:/intelfpga_lite/18.1/nios2eds/bin/gnu/h-x86_64-mingw32/bin/../lib/gcc/nios2-elf/5.3.0/../../../../../H-x86_64-mingw32/nios2-elf/lib/mno-hw-mul\libc.a(lib_a-signalr.o)
                0x000000000142cad4                _kill_r
 .text._getpid_r
                0x000000000142cb30        0x4 c:/intelfpga_lite/18.1/nios2eds/bin/gnu/h-x86_64-mingw32/bin/../lib/gcc/nios2-elf/5.3.0/../../../../../H-x86_64-mingw32/nios2-elf/lib/mno-hw-mul\libc.a(lib_a-signalr.o)
                0x000000000142cb30                _getpid_r
 .text          0x000000000142cb34        0x0 c:/intelfpga_lite/18.1/nios2eds/bin/gnu/h-x86_64-mingw32/bin/../lib/gcc/nios2-elf/5.3.0/../../../../../H-x86_64-mingw32/nios2-elf/lib/mno-hw-mul\libc.a(lib_a-strcmp.o)
 .text.strcmp   0x000000000142cb34       0xdc c:/intelfpga_lite/18.1/nios2eds/bin/gnu/h-x86_64-mingw32/bin/../lib/gcc/nios2-elf/5.3.0/../../../../../H-x86_64-mingw32/nios2-elf/lib/mno-hw-mul\libc.a(lib_a-strcmp.o)
                0x000000000142cb34                strcmp
 .text          0x000000000142cc10        0x0 c:/intelfpga_lite/18.1/nios2eds/bin/gnu/h-x86_64-mingw32/bin/../lib/gcc/nios2-elf/5.3.0/../../../../../H-x86_64-mingw32/nios2-elf/lib/mno-hw-mul\libc.a(lib_a-freer.o)
 .text._malloc_trim_r
                0x000000000142cc10      0x124 c:/intelfpga_lite/18.1/nios2eds/bin/gnu/h-x86_64-mingw32/bin/../lib/gcc/nios2-elf/5.3.0/../../../../../H-x86_64-mingw32/nios2-elf/lib/mno-hw-mul\libc.a(lib_a-freer.o)
                0x000000000142cc10                _malloc_trim_r
 .text._free_r  0x000000000142cd34      0x310 c:/intelfpga_lite/18.1/nios2eds/bin/gnu/h-x86_64-mingw32/bin/../lib/gcc/nios2-elf/5.3.0/../../../../../H-x86_64-mingw32/nios2-elf/lib/mno-hw-mul\libc.a(lib_a-freer.o)
                0x000000000142cd34                _free_r
 .text          0x000000000142d044        0x0 c:/intelfpga_lite/18.1/nios2eds/bin/gnu/h-x86_64-mingw32/bin/../lib/gcc/nios2-elf/5.3.0/../../../../../H-x86_64-mingw32/nios2-elf/lib/mno-hw-mul\libc.a(lib_a-impure.o)
 .text          0x000000000142d044        0x0 c:/intelfpga_lite/18.1/nios2eds/bin/gnu/h-x86_64-mingw32/bin/../lib/gcc/nios2-elf/5.3.0/../../../../../H-x86_64-mingw32/nios2-elf/lib/mno-hw-mul\libc.a(lib_a-int_errno.o)
 .text          0x000000000142d044       0x34 ../de10_bsp/\libhal_bsp.a(alt_exit.o)
                0x000000000142d044                _exit
 .text          0x000000000142d078       0x20 ../de10_bsp/\libhal_bsp.a(alt_getpid.o)
                0x000000000142d078                getpid
 .text          0x000000000142d098      0x16c ../de10_bsp/\libhal_bsp.a(alt_kill.o)
                0x000000000142d0d4                kill
 .text          0x000000000142d204       0xec ../de10_bsp/\libhal_bsp.a(alt_load.o)
                0x000000000142d26c                alt_load
 .text          0x000000000142d2f0       0x60 ../de10_bsp/\libhal_bsp.a(alt_main.o)
                0x000000000142d2f0                alt_main
 .text          0x000000000142d350       0x48 ../de10_bsp/\libhal_bsp.a(alt_malloc_lock.o)
                0x000000000142d350                __malloc_lock
                0x000000000142d374                __malloc_unlock
 .text          0x000000000142d398       0xb0 ../de10_bsp/\libhal_bsp.a(alt_sbrk.o)
                0x000000000142d398                sbrk
 .text          0x000000000142d448      0x13c ../de10_bsp/\libhal_bsp.a(alt_write.o)
                0x000000000142d484                write
 .text          0x000000000142d584       0x5c ../de10_bsp/\libhal_bsp.a(alt_sys_init.o)
                0x000000000142d584                alt_irq_init
                0x000000000142d5bc                alt_sys_init
 .text          0x000000000142d5e0      0x114 ../de10_bsp/\libhal_bsp.a(alt_close.o)
                0x000000000142d61c                close
 .text          0x000000000142d6f4       0x20 ../de10_bsp/\libhal_bsp.a(alt_dcache_flush_all.o)
                0x000000000142d6f4                alt_dcache_flush_all
 .text          0x000000000142d714       0x2c ../de10_bsp/\libhal_bsp.a(alt_dev.o)
 .text          0x000000000142d740       0x60 ../de10_bsp/\libhal_bsp.a(alt_do_ctors.o)
                0x000000000142d740                _do_ctors
 .text          0x000000000142d7a0       0x60 ../de10_bsp/\libhal_bsp.a(alt_do_dtors.o)
                0x000000000142d7a0                _do_dtors
 .text          0x000000000142d800        0x0 ../de10_bsp/\libhal_bsp.a(alt_errno.o)
 .text          0x000000000142d800       0x20 ../de10_bsp/\libhal_bsp.a(alt_icache_flush_all.o)
                0x000000000142d800                alt_icache_flush_all
 .text          0x000000000142d820       0x84 ../de10_bsp/\libhal_bsp.a(alt_release_fd.o)
                0x000000000142d820                alt_release_fd
 .text          0x000000000142d8a4       0x24 ../de10_bsp/\libhal_bsp.a(altera_nios2_gen2_irq.o)
                0x000000000142d8a4                altera_nios2_gen2_irq_init
 .text          0x000000000142d8c8        0x0 c:/intelfpga_lite/18.1/nios2eds/bin/gnu/h-x86_64-mingw32/bin/../lib/gcc/nios2-elf/5.3.0/../../../../../H-x86_64-mingw32/nios2-elf/lib/mno-hw-mul\libc.a(lib_a-atexit.o)
 .text.atexit   0x000000000142d8c8       0x14 c:/intelfpga_lite/18.1/nios2eds/bin/gnu/h-x86_64-mingw32/bin/../lib/gcc/nios2-elf/5.3.0/../../../../../H-x86_64-mingw32/nios2-elf/lib/mno-hw-mul\libc.a(lib_a-atexit.o)
                0x000000000142d8c8                atexit
 .text          0x000000000142d8dc        0x0 c:/intelfpga_lite/18.1/nios2eds/bin/gnu/h-x86_64-mingw32/bin/../lib/gcc/nios2-elf/5.3.0/../../../../../H-x86_64-mingw32/nios2-elf/lib/mno-hw-mul\libc.a(lib_a-exit.o)
 .text.exit     0x000000000142d8dc       0x38 c:/intelfpga_lite/18.1/nios2eds/bin/gnu/h-x86_64-mingw32/bin/../lib/gcc/nios2-elf/5.3.0/../../../../../H-x86_64-mingw32/nios2-elf/lib/mno-hw-mul\libc.a(lib_a-exit.o)
                0x000000000142d8dc                exit
 .text          0x000000000142d914        0x0 c:/intelfpga_lite/18.1/nios2eds/bin/gnu/h-x86_64-mingw32/bin/../lib/gcc/nios2-elf/5.3.0/../../../../../H-x86_64-mingw32/nios2-elf/lib/mno-hw-mul\libc.a(lib_a-__atexit.o)
 .text.__register_exitproc
                0x000000000142d914      0x118 c:/intelfpga_lite/18.1/nios2eds/bin/gnu/h-x86_64-mingw32/bin/../lib/gcc/nios2-elf/5.3.0/../../../../../H-x86_64-mingw32/nios2-elf/lib/mno-hw-mul\libc.a(lib_a-__atexit.o)
                0x000000000142d914                __register_exitproc
 .text          0x000000000142da2c        0x0 c:/intelfpga_lite/18.1/nios2eds/bin/gnu/h-x86_64-mingw32/bin/../lib/gcc/nios2-elf/5.3.0/../../../../../H-x86_64-mingw32/nios2-elf/lib/mno-hw-mul\libc.a(lib_a-__call_atexit.o)
 .text.__call_exitprocs
                0x000000000142da2c      0x180 c:/intelfpga_lite/18.1/nios2eds/bin/gnu/h-x86_64-mingw32/bin/../lib/gcc/nios2-elf/5.3.0/../../../../../H-x86_64-mingw32/nios2-elf/lib/mno-hw-mul\libc.a(lib_a-__call_atexit.o)
                0x000000000142da2c                __call_exitprocs
 *(.gnu.warning.*)
 *(.fini)
                [!provide]                        PROVIDE (__etext, ABSOLUTE (.))
                [!provide]                        PROVIDE (_etext, ABSOLUTE (.))
                [!provide]                        PROVIDE (etext, ABSOLUTE (.))
 *(.eh_frame_hdr)
                0x000000000142dbac                . = ALIGN (0x4)
                [!provide]                        PROVIDE (__preinit_array_start, ABSOLUTE (.))
 *(.preinit_array)
                [!provide]                        PROVIDE (__preinit_array_end, ABSOLUTE (.))
                [!provide]                        PROVIDE (__init_array_start, ABSOLUTE (.))
 *(.init_array)
                [!provide]                        PROVIDE (__init_array_end, ABSOLUTE (.))
                [!provide]                        PROVIDE (__fini_array_start, ABSOLUTE (.))
 *(.fini_array)
                [!provide]                        PROVIDE (__fini_array_end, ABSOLUTE (.))
 *(.eh_frame)
 *(.gcc_except_table .gcc_except_table.*)
 .gcc_except_table
                0x000000000142dbac        0x8 obj/default/chasing_leds.o
 .gcc_except_table.__gxx_personality_sj0
                0x000000000142dbb4       0x10 c:/intelfpga_lite/18.1/nios2eds/bin/gnu/h-x86_64-mingw32/bin/../lib/gcc/nios2-elf/5.3.0/../../../../../H-x86_64-mingw32/nios2-elf/lib/mno-hw-mul\libstdc++.a(eh_personality.o)
 .gcc_except_table.__cxa_call_unexpected
                0x000000000142dbc4       0x10 c:/intelfpga_lite/18.1/nios2eds/bin/gnu/h-x86_64-mingw32/bin/../lib/gcc/nios2-elf/5.3.0/../../../../../H-x86_64-mingw32/nios2-elf/lib/mno-hw-mul\libstdc++.a(eh_personality.o)
 .gcc_except_table._ZN10__cxxabiv111__terminateEPFvvE
                0x000000000142dbd4       0x15 c:/intelfpga_lite/18.1/nios2eds/bin/gnu/h-x86_64-mingw32/bin/../lib/gcc/nios2-elf/5.3.0/../../../../../H-x86_64-mingw32/nios2-elf/lib/mno-hw-mul\libstdc++.a(eh_terminate.o)
 *(.dynamic)
                0x000000000142dbe9                PROVIDE (__CTOR_LIST__, ABSOLUTE (.))
 *(.ctors)
 *fill*         0x000000000142dbe9        0x3 3a880100
 .ctors         0x000000000142dbec        0x4 obj/default/chu_init.o
 .ctors         0x000000000142dbf0        0x4 obj/default/de10_baseline.o
 .ctors         0x000000000142dbf4        0x4 c:/intelfpga_lite/18.1/nios2eds/bin/gnu/h-x86_64-mingw32/bin/../lib/gcc/nios2-elf/5.3.0/../../../../../H-x86_64-mingw32/nios2-elf/lib/mno-hw-mul\libstdc++.a(eh_alloc.o)
 *(SORT(.ctors.*))
                0x000000000142dbf8                PROVIDE (__CTOR_END__, ABSOLUTE (.))
                0x000000000142dbf8                PROVIDE (__DTOR_LIST__, ABSOLUTE (.))
 *(.dtors)
 .dtors         0x000000000142dbf8        0x4 obj/default/chu_init.o
 .dtors         0x000000000142dbfc        0x4 obj/default/de10_baseline.o
 *(SORT(.dtors.*))
                0x000000000142dc00                PROVIDE (__DTOR_END__, ABSOLUTE (.))
 *(.jcr)
                0x000000000142dc00                . = ALIGN (0x4)

.rodata         0x000000000142dc00      0x408
                0x000000000142dc00                PROVIDE (__ram_rodata_start, ABSOLUTE (.))
                0x000000000142dc00                . = ALIGN (0x4)
 *(.rodata .rodata.* .gnu.linkonce.r.*)
 .rodata        0x000000000142dc00       0x50 obj/default/printf_fpro.o
 .rodata        0x000000000142dc50       0x19 obj/default/chu_init.o
 *fill*         0x000000000142dc69        0x3 
 .rodata        0x000000000142dc6c       0x63 obj/default/rtttl.o
 .rodata        0x000000000142dccf       0x10 obj/default/sseg_core.o
 *fill*         0x000000000142dcdf        0x1 
 .rodata        0x000000000142dce0        0x6 obj/default/uart_core.o
 *fill*         0x000000000142dce6        0x2 
 .rodata.str1.4
                0x000000000142dce8       0x23 c:/intelfpga_lite/18.1/nios2eds/bin/gnu/h-x86_64-mingw32/bin/../lib/gcc/nios2-elf/5.3.0/../../../../../H-x86_64-mingw32/nios2-elf/lib/mno-hw-mul\libstdc++.a(eh_exception.o)
 *fill*         0x000000000142dd0b        0x1 
 .rodata._ZTSSt9exception
                0x000000000142dd0c        0xd c:/intelfpga_lite/18.1/nios2eds/bin/gnu/h-x86_64-mingw32/bin/../lib/gcc/nios2-elf/5.3.0/../../../../../H-x86_64-mingw32/nios2-elf/lib/mno-hw-mul\libstdc++.a(eh_exception.o)
                0x000000000142dd0c                typeinfo name for std::exception
 *fill*         0x000000000142dd19        0x3 
 .rodata._ZTSSt13bad_exception
                0x000000000142dd1c       0x12 c:/intelfpga_lite/18.1/nios2eds/bin/gnu/h-x86_64-mingw32/bin/../lib/gcc/nios2-elf/5.3.0/../../../../../H-x86_64-mingw32/nios2-elf/lib/mno-hw-mul\libstdc++.a(eh_exception.o)
                0x000000000142dd1c                typeinfo name for std::bad_exception
 *fill*         0x000000000142dd2e        0x2 
 .rodata._ZTISt13bad_exception
                0x000000000142dd30        0xc c:/intelfpga_lite/18.1/nios2eds/bin/gnu/h-x86_64-mingw32/bin/../lib/gcc/nios2-elf/5.3.0/../../../../../H-x86_64-mingw32/nios2-elf/lib/mno-hw-mul\libstdc++.a(eh_exception.o)
                0x000000000142dd30                typeinfo for std::bad_exception
 .rodata._ZTSN10__cxxabiv115__forced_unwindE
                0x000000000142dd3c       0x20 c:/intelfpga_lite/18.1/nios2eds/bin/gnu/h-x86_64-mingw32/bin/../lib/gcc/nios2-elf/5.3.0/../../../../../H-x86_64-mingw32/nios2-elf/lib/mno-hw-mul\libstdc++.a(eh_exception.o)
                0x000000000142dd3c                typeinfo name for __cxxabiv1::__forced_unwind
 .rodata._ZTSN10__cxxabiv119__foreign_exceptionE
                0x000000000142dd5c       0x24 c:/intelfpga_lite/18.1/nios2eds/bin/gnu/h-x86_64-mingw32/bin/../lib/gcc/nios2-elf/5.3.0/../../../../../H-x86_64-mingw32/nios2-elf/lib/mno-hw-mul\libstdc++.a(eh_exception.o)
                0x000000000142dd5c                typeinfo name for __cxxabiv1::__foreign_exception
 .rodata._ZTVSt9exception
                0x000000000142dd80       0x14 c:/intelfpga_lite/18.1/nios2eds/bin/gnu/h-x86_64-mingw32/bin/../lib/gcc/nios2-elf/5.3.0/../../../../../H-x86_64-mingw32/nios2-elf/lib/mno-hw-mul\libstdc++.a(eh_exception.o)
                0x000000000142dd80                vtable for std::exception
 .rodata._ZTVSt13bad_exception
                0x000000000142dd94       0x14 c:/intelfpga_lite/18.1/nios2eds/bin/gnu/h-x86_64-mingw32/bin/../lib/gcc/nios2-elf/5.3.0/../../../../../H-x86_64-mingw32/nios2-elf/lib/mno-hw-mul\libstdc++.a(eh_exception.o)
                0x000000000142dd94                vtable for std::bad_exception
 .rodata._ZTVN10__cxxabiv115__forced_unwindE
                0x000000000142dda8       0x14 c:/intelfpga_lite/18.1/nios2eds/bin/gnu/h-x86_64-mingw32/bin/../lib/gcc/nios2-elf/5.3.0/../../../../../H-x86_64-mingw32/nios2-elf/lib/mno-hw-mul\libstdc++.a(eh_exception.o)
                0x000000000142dda8                vtable for __cxxabiv1::__forced_unwind
 .rodata._ZTVN10__cxxabiv119__foreign_exceptionE
                0x000000000142ddbc       0x14 c:/intelfpga_lite/18.1/nios2eds/bin/gnu/h-x86_64-mingw32/bin/../lib/gcc/nios2-elf/5.3.0/../../../../../H-x86_64-mingw32/nios2-elf/lib/mno-hw-mul\libstdc++.a(eh_exception.o)
                0x000000000142ddbc                vtable for __cxxabiv1::__foreign_exception
 .rodata.str1.4
                0x000000000142ddd0       0x3b c:/intelfpga_lite/18.1/nios2eds/bin/gnu/h-x86_64-mingw32/bin/../lib/gcc/nios2-elf/5.3.0/../../../../../H-x86_64-mingw32/nios2-elf/lib/mno-hw-mul\libstdc++.a(pure.o)
 *fill*         0x000000000142de0b        0x1 
 .rodata._ZTSN10__cxxabiv117__class_type_infoE
                0x000000000142de0c       0x22 c:/intelfpga_lite/18.1/nios2eds/bin/gnu/h-x86_64-mingw32/bin/../lib/gcc/nios2-elf/5.3.0/../../../../../H-x86_64-mingw32/nios2-elf/lib/mno-hw-mul\libstdc++.a(class_type_info.o)
                0x000000000142de0c                typeinfo name for __cxxabiv1::__class_type_info
 *fill*         0x000000000142de2e        0x2 
 .rodata._ZTIN10__cxxabiv117__class_type_infoE
                0x000000000142de30        0xc c:/intelfpga_lite/18.1/nios2eds/bin/gnu/h-x86_64-mingw32/bin/../lib/gcc/nios2-elf/5.3.0/../../../../../H-x86_64-mingw32/nios2-elf/lib/mno-hw-mul\libstdc++.a(class_type_info.o)
                0x000000000142de30                typeinfo for __cxxabiv1::__class_type_info
 .rodata._ZTVN10__cxxabiv117__class_type_infoE
                0x000000000142de3c       0x2c c:/intelfpga_lite/18.1/nios2eds/bin/gnu/h-x86_64-mingw32/bin/../lib/gcc/nios2-elf/5.3.0/../../../../../H-x86_64-mingw32/nios2-elf/lib/mno-hw-mul\libstdc++.a(class_type_info.o)
                0x000000000142de3c                vtable for __cxxabiv1::__class_type_info
 .rodata._ZTSN10__cxxabiv120__si_class_type_infoE
                0x000000000142de68       0x25 c:/intelfpga_lite/18.1/nios2eds/bin/gnu/h-x86_64-mingw32/bin/../lib/gcc/nios2-elf/5.3.0/../../../../../H-x86_64-mingw32/nios2-elf/lib/mno-hw-mul\libstdc++.a(si_class_type_info.o)
                0x000000000142de68                typeinfo name for __cxxabiv1::__si_class_type_info
 *fill*         0x000000000142de8d        0x3 
 .rodata._ZTIN10__cxxabiv120__si_class_type_infoE
                0x000000000142de90        0xc c:/intelfpga_lite/18.1/nios2eds/bin/gnu/h-x86_64-mingw32/bin/../lib/gcc/nios2-elf/5.3.0/../../../../../H-x86_64-mingw32/nios2-elf/lib/mno-hw-mul\libstdc++.a(si_class_type_info.o)
                0x000000000142de90                typeinfo for __cxxabiv1::__si_class_type_info
 .rodata._ZTVN10__cxxabiv120__si_class_type_infoE
                0x000000000142de9c       0x2c c:/intelfpga_lite/18.1/nios2eds/bin/gnu/h-x86_64-mingw32/bin/../lib/gcc/nios2-elf/5.3.0/../../../../../H-x86_64-mingw32/nios2-elf/lib/mno-hw-mul\libstdc++.a(si_class_type_info.o)
                0x000000000142de9c                vtable for __cxxabiv1::__si_class_type_info
 .rodata._ZTSSt9type_info
                0x000000000142dec8        0xd c:/intelfpga_lite/18.1/nios2eds/bin/gnu/h-x86_64-mingw32/bin/../lib/gcc/nios2-elf/5.3.0/../../../../../H-x86_64-mingw32/nios2-elf/lib/mno-hw-mul\libstdc++.a(tinfo.o)
                0x000000000142dec8                typeinfo name for std::type_info
 *fill*         0x000000000142ded5        0x3 
 .rodata._ZTVSt9type_info
                0x000000000142ded8       0x20 c:/intelfpga_lite/18.1/nios2eds/bin/gnu/h-x86_64-mingw32/bin/../lib/gcc/nios2-elf/5.3.0/../../../../../H-x86_64-mingw32/nios2-elf/lib/mno-hw-mul\libstdc++.a(tinfo.o)
                0x000000000142ded8                vtable for std::type_info
 .rodata        0x000000000142def8      0x100 c:/intelfpga_lite/18.1/nios2eds/bin/gnu/h-x86_64-mingw32/bin/../lib/gcc/nios2-elf/5.3.0/mno-hw-mul\libgcc.a(_clz.o)
                0x000000000142def8                __clz_tab
 .rodata.str1.4
                0x000000000142dff8        0x4 c:/intelfpga_lite/18.1/nios2eds/bin/gnu/h-x86_64-mingw32/bin/../lib/gcc/nios2-elf/5.3.0/../../../../../H-x86_64-mingw32/nios2-elf/lib/mno-hw-mul\libc.a(lib_a-impure.o)
                                          0x2 (size before relaxing)
 .rodata        0x000000000142dffc        0xa ../de10_bsp/\libhal_bsp.a(alt_dev.o)
 *(.rodata1)
                0x000000000142e008                . = ALIGN (0x4)
 *fill*         0x000000000142e006        0x2 
                0x000000000142e008                PROVIDE (__ram_rodata_end, ABSOLUTE (.))
                0x000000000142dc00                PROVIDE (__flash_rodata_start, LOADADDR (.rodata))

.rwdata         0x000000000142e008      0xa28 load address 0x000000000142ea30
                0x000000000142e008                PROVIDE (__ram_rwdata_start, ABSOLUTE (.))
                0x000000000142e008                . = ALIGN (0x4)
 *(.got.plt)
 *(.got)
 *(.data1)
 *(.data .data.* .gnu.linkonce.d.*)
 .data          0x000000000142e008        0x0 ../de10_bsp//obj/HAL/src/crt0.o
 .data          0x000000000142e008        0x0 obj/default/printf_fpro.o
 .data          0x000000000142e008        0x0 obj/default/adsr_core.o
 .data          0x000000000142e008        0x0 obj/default/blink_soft.o
 .data          0x000000000142e008        0x0 obj/default/chasing_leds.o
 .data          0x000000000142e008        0x0 obj/default/chu_init.o
 .data          0x000000000142e008        0x0 obj/default/ddfs_core.o
 .data          0x000000000142e008        0x0 obj/default/de10_baseline.o
 .data          0x000000000142e008        0x0 obj/default/gpio_cores.o
 .data          0x000000000142e008        0x0 obj/default/madc_core.o
 .data          0x000000000142e008        0x0 obj/default/rtttl.o
 .data          0x000000000142e008        0x0 obj/default/sseg_core.o
 .data          0x000000000142e008        0x0 obj/default/timer_core.o
 .data          0x000000000142e008        0x0 obj/default/uart_core.o
 .data          0x000000000142e008        0x0 obj/default/ws2812_core.o
 .data          0x000000000142e008        0x0 c:/intelfpga_lite/18.1/nios2eds/bin/gnu/h-x86_64-mingw32/bin/../lib/gcc/nios2-elf/5.3.0/../../../../../H-x86_64-mingw32/nios2-elf/lib/mno-hw-mul\libstdc++.a(eh_personality.o)
 .data          0x000000000142e008        0x0 c:/intelfpga_lite/18.1/nios2eds/bin/gnu/h-x86_64-mingw32/bin/../lib/gcc/nios2-elf/5.3.0/../../../../../H-x86_64-mingw32/nios2-elf/lib/mno-hw-mul\libstdc++.a(eh_throw.o)
 .data          0x000000000142e008        0x0 c:/intelfpga_lite/18.1/nios2eds/bin/gnu/h-x86_64-mingw32/bin/../lib/gcc/nios2-elf/5.3.0/../../../../../H-x86_64-mingw32/nios2-elf/lib/mno-hw-mul\libstdc++.a(eh_catch.o)
 .data          0x000000000142e008        0x0 c:/intelfpga_lite/18.1/nios2eds/bin/gnu/h-x86_64-mingw32/bin/../lib/gcc/nios2-elf/5.3.0/../../../../../H-x86_64-mingw32/nios2-elf/lib/mno-hw-mul\libstdc++.a(eh_terminate.o)
 .data          0x000000000142e008        0x0 c:/intelfpga_lite/18.1/nios2eds/bin/gnu/h-x86_64-mingw32/bin/../lib/gcc/nios2-elf/5.3.0/../../../../../H-x86_64-mingw32/nios2-elf/lib/mno-hw-mul\libstdc++.a(eh_unex_handler.o)
 .data          0x000000000142e008        0x0 c:/intelfpga_lite/18.1/nios2eds/bin/gnu/h-x86_64-mingw32/bin/../lib/gcc/nios2-elf/5.3.0/../../../../../H-x86_64-mingw32/nios2-elf/lib/mno-hw-mul\libstdc++.a(eh_alloc.o)
 .data          0x000000000142e008        0x0 c:/intelfpga_lite/18.1/nios2eds/bin/gnu/h-x86_64-mingw32/bin/../lib/gcc/nios2-elf/5.3.0/../../../../../H-x86_64-mingw32/nios2-elf/lib/mno-hw-mul\libstdc++.a(eh_call.o)
 .data          0x000000000142e008        0x0 c:/intelfpga_lite/18.1/nios2eds/bin/gnu/h-x86_64-mingw32/bin/../lib/gcc/nios2-elf/5.3.0/../../../../../H-x86_64-mingw32/nios2-elf/lib/mno-hw-mul\libstdc++.a(eh_globals.o)
 .data          0x000000000142e008        0x0 c:/intelfpga_lite/18.1/nios2eds/bin/gnu/h-x86_64-mingw32/bin/../lib/gcc/nios2-elf/5.3.0/../../../../../H-x86_64-mingw32/nios2-elf/lib/mno-hw-mul\libstdc++.a(eh_exception.o)
 .data          0x000000000142e008        0x0 c:/intelfpga_lite/18.1/nios2eds/bin/gnu/h-x86_64-mingw32/bin/../lib/gcc/nios2-elf/5.3.0/../../../../../H-x86_64-mingw32/nios2-elf/lib/mno-hw-mul\libstdc++.a(eh_term_handler.o)
 .data          0x000000000142e008        0x0 c:/intelfpga_lite/18.1/nios2eds/bin/gnu/h-x86_64-mingw32/bin/../lib/gcc/nios2-elf/5.3.0/../../../../../H-x86_64-mingw32/nios2-elf/lib/mno-hw-mul\libstdc++.a(del_op.o)
 .data          0x000000000142e008        0x0 c:/intelfpga_lite/18.1/nios2eds/bin/gnu/h-x86_64-mingw32/bin/../lib/gcc/nios2-elf/5.3.0/../../../../../H-x86_64-mingw32/nios2-elf/lib/mno-hw-mul\libstdc++.a(pure.o)
 .data          0x000000000142e008        0x0 c:/intelfpga_lite/18.1/nios2eds/bin/gnu/h-x86_64-mingw32/bin/../lib/gcc/nios2-elf/5.3.0/../../../../../H-x86_64-mingw32/nios2-elf/lib/mno-hw-mul\libstdc++.a(class_type_info.o)
 .data          0x000000000142e008        0x0 c:/intelfpga_lite/18.1/nios2eds/bin/gnu/h-x86_64-mingw32/bin/../lib/gcc/nios2-elf/5.3.0/../../../../../H-x86_64-mingw32/nios2-elf/lib/mno-hw-mul\libstdc++.a(si_class_type_info.o)
 .data          0x000000000142e008        0x0 c:/intelfpga_lite/18.1/nios2eds/bin/gnu/h-x86_64-mingw32/bin/../lib/gcc/nios2-elf/5.3.0/../../../../../H-x86_64-mingw32/nios2-elf/lib/mno-hw-mul\libstdc++.a(tinfo.o)
 .data          0x000000000142e008        0x0 c:/intelfpga_lite/18.1/nios2eds/bin/gnu/h-x86_64-mingw32/bin/../lib/gcc/nios2-elf/5.3.0/mno-hw-mul\libgcc.a(_fixunssfsi.o)
 .data          0x000000000142e008        0x0 c:/intelfpga_lite/18.1/nios2eds/bin/gnu/h-x86_64-mingw32/bin/../lib/gcc/nios2-elf/5.3.0/mno-hw-mul\libgcc.a(_fixunsdfsi.o)
 .data          0x000000000142e008        0x0 c:/intelfpga_lite/18.1/nios2eds/bin/gnu/h-x86_64-mingw32/bin/../lib/gcc/nios2-elf/5.3.0/mno-hw-mul\libgcc.a(_udivdi3.o)
 .data          0x000000000142e008        0x0 c:/intelfpga_lite/18.1/nios2eds/bin/gnu/h-x86_64-mingw32/bin/../lib/gcc/nios2-elf/5.3.0/mno-hw-mul\libgcc.a(_umoddi3.o)
 .data          0x000000000142e008        0x0 c:/intelfpga_lite/18.1/nios2eds/bin/gnu/h-x86_64-mingw32/bin/../lib/gcc/nios2-elf/5.3.0/mno-hw-mul\libgcc.a(lib2-divmod.o)
 .data          0x000000000142e008        0x0 c:/intelfpga_lite/18.1/nios2eds/bin/gnu/h-x86_64-mingw32/bin/../lib/gcc/nios2-elf/5.3.0/mno-hw-mul\libgcc.a(lib2-mul.o)
 .data          0x000000000142e008        0x0 c:/intelfpga_lite/18.1/nios2eds/bin/gnu/h-x86_64-mingw32/bin/../lib/gcc/nios2-elf/5.3.0/mno-hw-mul\libgcc.a(divsf3.o)
 .data          0x000000000142e008        0x0 c:/intelfpga_lite/18.1/nios2eds/bin/gnu/h-x86_64-mingw32/bin/../lib/gcc/nios2-elf/5.3.0/mno-hw-mul\libgcc.a(gesf2.o)
 .data          0x000000000142e008        0x0 c:/intelfpga_lite/18.1/nios2eds/bin/gnu/h-x86_64-mingw32/bin/../lib/gcc/nios2-elf/5.3.0/mno-hw-mul\libgcc.a(mulsf3.o)
 .data          0x000000000142e008        0x0 c:/intelfpga_lite/18.1/nios2eds/bin/gnu/h-x86_64-mingw32/bin/../lib/gcc/nios2-elf/5.3.0/mno-hw-mul\libgcc.a(subsf3.o)
 .data          0x000000000142e008        0x0 c:/intelfpga_lite/18.1/nios2eds/bin/gnu/h-x86_64-mingw32/bin/../lib/gcc/nios2-elf/5.3.0/mno-hw-mul\libgcc.a(fixsfsi.o)
 .data          0x000000000142e008        0x0 c:/intelfpga_lite/18.1/nios2eds/bin/gnu/h-x86_64-mingw32/bin/../lib/gcc/nios2-elf/5.3.0/mno-hw-mul\libgcc.a(floatsisf.o)
 .data          0x000000000142e008        0x0 c:/intelfpga_lite/18.1/nios2eds/bin/gnu/h-x86_64-mingw32/bin/../lib/gcc/nios2-elf/5.3.0/mno-hw-mul\libgcc.a(floatunsisf.o)
 .data          0x000000000142e008        0x0 c:/intelfpga_lite/18.1/nios2eds/bin/gnu/h-x86_64-mingw32/bin/../lib/gcc/nios2-elf/5.3.0/mno-hw-mul\libgcc.a(divdf3.o)
 .data          0x000000000142e008        0x0 c:/intelfpga_lite/18.1/nios2eds/bin/gnu/h-x86_64-mingw32/bin/../lib/gcc/nios2-elf/5.3.0/mno-hw-mul\libgcc.a(eqdf2.o)
 .data          0x000000000142e008        0x0 c:/intelfpga_lite/18.1/nios2eds/bin/gnu/h-x86_64-mingw32/bin/../lib/gcc/nios2-elf/5.3.0/mno-hw-mul\libgcc.a(gedf2.o)
 .data          0x000000000142e008        0x0 c:/intelfpga_lite/18.1/nios2eds/bin/gnu/h-x86_64-mingw32/bin/../lib/gcc/nios2-elf/5.3.0/mno-hw-mul\libgcc.a(ledf2.o)
 .data          0x000000000142e008        0x0 c:/intelfpga_lite/18.1/nios2eds/bin/gnu/h-x86_64-mingw32/bin/../lib/gcc/nios2-elf/5.3.0/mno-hw-mul\libgcc.a(muldf3.o)
 .data          0x000000000142e008        0x0 c:/intelfpga_lite/18.1/nios2eds/bin/gnu/h-x86_64-mingw32/bin/../lib/gcc/nios2-elf/5.3.0/mno-hw-mul\libgcc.a(subdf3.o)
 .data          0x000000000142e008        0x0 c:/intelfpga_lite/18.1/nios2eds/bin/gnu/h-x86_64-mingw32/bin/../lib/gcc/nios2-elf/5.3.0/mno-hw-mul\libgcc.a(fixdfsi.o)
 .data          0x000000000142e008        0x0 c:/intelfpga_lite/18.1/nios2eds/bin/gnu/h-x86_64-mingw32/bin/../lib/gcc/nios2-elf/5.3.0/mno-hw-mul\libgcc.a(floatsidf.o)
 .data          0x000000000142e008        0x0 c:/intelfpga_lite/18.1/nios2eds/bin/gnu/h-x86_64-mingw32/bin/../lib/gcc/nios2-elf/5.3.0/mno-hw-mul\libgcc.a(floatunsidf.o)
 .data          0x000000000142e008        0x0 c:/intelfpga_lite/18.1/nios2eds/bin/gnu/h-x86_64-mingw32/bin/../lib/gcc/nios2-elf/5.3.0/mno-hw-mul\libgcc.a(unwind-sjlj.o)
 .data          0x000000000142e008        0x0 c:/intelfpga_lite/18.1/nios2eds/bin/gnu/h-x86_64-mingw32/bin/../lib/gcc/nios2-elf/5.3.0/mno-hw-mul\libgcc.a(_clz.o)
 .data          0x000000000142e008        0x0 c:/intelfpga_lite/18.1/nios2eds/bin/gnu/h-x86_64-mingw32/bin/../lib/gcc/nios2-elf/5.3.0/mno-hw-mul\libgcc.a(_clzsi2.o)
 .data          0x000000000142e008        0x0 c:/intelfpga_lite/18.1/nios2eds/bin/gnu/h-x86_64-mingw32/bin/../lib/gcc/nios2-elf/5.3.0/../../../../../H-x86_64-mingw32/nios2-elf/lib/mno-hw-mul\libc.a(lib_a-abort.o)
 .data          0x000000000142e008        0x0 c:/intelfpga_lite/18.1/nios2eds/bin/gnu/h-x86_64-mingw32/bin/../lib/gcc/nios2-elf/5.3.0/../../../../../H-x86_64-mingw32/nios2-elf/lib/mno-hw-mul\libc.a(lib_a-malloc.o)
 .data          0x000000000142e008        0x0 c:/intelfpga_lite/18.1/nios2eds/bin/gnu/h-x86_64-mingw32/bin/../lib/gcc/nios2-elf/5.3.0/../../../../../H-x86_64-mingw32/nios2-elf/lib/mno-hw-mul\libc.a(lib_a-mallocr.o)
 .data.__malloc_av_
                0x000000000142e008      0x408 c:/intelfpga_lite/18.1/nios2eds/bin/gnu/h-x86_64-mingw32/bin/../lib/gcc/nios2-elf/5.3.0/../../../../../H-x86_64-mingw32/nios2-elf/lib/mno-hw-mul\libc.a(lib_a-mallocr.o)
                0x000000000142e008                __malloc_av_
 .data          0x000000000142e410        0x0 c:/intelfpga_lite/18.1/nios2eds/bin/gnu/h-x86_64-mingw32/bin/../lib/gcc/nios2-elf/5.3.0/../../../../../H-x86_64-mingw32/nios2-elf/lib/mno-hw-mul\libc.a(lib_a-memset.o)
 .data          0x000000000142e410        0x0 c:/intelfpga_lite/18.1/nios2eds/bin/gnu/h-x86_64-mingw32/bin/../lib/gcc/nios2-elf/5.3.0/../../../../../H-x86_64-mingw32/nios2-elf/lib/mno-hw-mul\libc.a(lib_a-sbrkr.o)
 .data          0x000000000142e410        0x0 c:/intelfpga_lite/18.1/nios2eds/bin/gnu/h-x86_64-mingw32/bin/../lib/gcc/nios2-elf/5.3.0/../../../../../H-x86_64-mingw32/nios2-elf/lib/mno-hw-mul\libc.a(lib_a-signal.o)
 .data          0x000000000142e410        0x0 c:/intelfpga_lite/18.1/nios2eds/bin/gnu/h-x86_64-mingw32/bin/../lib/gcc/nios2-elf/5.3.0/../../../../../H-x86_64-mingw32/nios2-elf/lib/mno-hw-mul\libc.a(lib_a-signalr.o)
 .data          0x000000000142e410        0x0 c:/intelfpga_lite/18.1/nios2eds/bin/gnu/h-x86_64-mingw32/bin/../lib/gcc/nios2-elf/5.3.0/../../../../../H-x86_64-mingw32/nios2-elf/lib/mno-hw-mul\libc.a(lib_a-strcmp.o)
 .data          0x000000000142e410        0x0 c:/intelfpga_lite/18.1/nios2eds/bin/gnu/h-x86_64-mingw32/bin/../lib/gcc/nios2-elf/5.3.0/../../../../../H-x86_64-mingw32/nios2-elf/lib/mno-hw-mul\libc.a(lib_a-freer.o)
 .data          0x000000000142e410        0x0 c:/intelfpga_lite/18.1/nios2eds/bin/gnu/h-x86_64-mingw32/bin/../lib/gcc/nios2-elf/5.3.0/../../../../../H-x86_64-mingw32/nios2-elf/lib/mno-hw-mul\libc.a(lib_a-impure.o)
 .data.impure_data
                0x000000000142e410      0x424 c:/intelfpga_lite/18.1/nios2eds/bin/gnu/h-x86_64-mingw32/bin/../lib/gcc/nios2-elf/5.3.0/../../../../../H-x86_64-mingw32/nios2-elf/lib/mno-hw-mul\libc.a(lib_a-impure.o)
 .data          0x000000000142e834        0x0 c:/intelfpga_lite/18.1/nios2eds/bin/gnu/h-x86_64-mingw32/bin/../lib/gcc/nios2-elf/5.3.0/../../../../../H-x86_64-mingw32/nios2-elf/lib/mno-hw-mul\libc.a(lib_a-int_errno.o)
 .data          0x000000000142e834        0x0 ../de10_bsp/\libhal_bsp.a(alt_exit.o)
 .data          0x000000000142e834        0x0 ../de10_bsp/\libhal_bsp.a(alt_getpid.o)
 .data          0x000000000142e834        0x0 ../de10_bsp/\libhal_bsp.a(alt_kill.o)
 .data          0x000000000142e834        0x0 ../de10_bsp/\libhal_bsp.a(alt_load.o)
 .data          0x000000000142e834        0x0 ../de10_bsp/\libhal_bsp.a(alt_main.o)
 .data          0x000000000142e834        0x0 ../de10_bsp/\libhal_bsp.a(alt_malloc_lock.o)
 .data          0x000000000142e834        0x0 ../de10_bsp/\libhal_bsp.a(alt_sbrk.o)
 .data          0x000000000142e834        0x0 ../de10_bsp/\libhal_bsp.a(alt_write.o)
 .data          0x000000000142e834        0x0 ../de10_bsp/\libhal_bsp.a(alt_sys_init.o)
 .data          0x000000000142e834        0x0 ../de10_bsp/\libhal_bsp.a(alt_close.o)
 .data          0x000000000142e834        0x0 ../de10_bsp/\libhal_bsp.a(alt_dcache_flush_all.o)
 .data          0x000000000142e834      0x1a8 ../de10_bsp/\libhal_bsp.a(alt_dev.o)
                0x000000000142e834                alt_dev_null
                0x000000000142e85c                alt_fd_list
 .data          0x000000000142e9dc        0x0 ../de10_bsp/\libhal_bsp.a(alt_do_ctors.o)
 .data          0x000000000142e9dc        0x0 ../de10_bsp/\libhal_bsp.a(alt_do_dtors.o)
 .data          0x000000000142e9dc        0x0 ../de10_bsp/\libhal_bsp.a(alt_errno.o)
 .data          0x000000000142e9dc        0x0 ../de10_bsp/\libhal_bsp.a(alt_icache_flush_all.o)
 .data          0x000000000142e9dc        0x0 ../de10_bsp/\libhal_bsp.a(alt_release_fd.o)
 .data          0x000000000142e9dc        0x0 ../de10_bsp/\libhal_bsp.a(altera_nios2_gen2_irq.o)
 .data          0x000000000142e9dc        0x0 c:/intelfpga_lite/18.1/nios2eds/bin/gnu/h-x86_64-mingw32/bin/../lib/gcc/nios2-elf/5.3.0/../../../../../H-x86_64-mingw32/nios2-elf/lib/mno-hw-mul\libc.a(lib_a-atexit.o)
 .data          0x000000000142e9dc        0x0 c:/intelfpga_lite/18.1/nios2eds/bin/gnu/h-x86_64-mingw32/bin/../lib/gcc/nios2-elf/5.3.0/../../../../../H-x86_64-mingw32/nios2-elf/lib/mno-hw-mul\libc.a(lib_a-exit.o)
 .data          0x000000000142e9dc        0x0 c:/intelfpga_lite/18.1/nios2eds/bin/gnu/h-x86_64-mingw32/bin/../lib/gcc/nios2-elf/5.3.0/../../../../../H-x86_64-mingw32/nios2-elf/lib/mno-hw-mul\libc.a(lib_a-__atexit.o)
 .data          0x000000000142e9dc        0x0 c:/intelfpga_lite/18.1/nios2eds/bin/gnu/h-x86_64-mingw32/bin/../lib/gcc/nios2-elf/5.3.0/../../../../../H-x86_64-mingw32/nios2-elf/lib/mno-hw-mul\libc.a(lib_a-__call_atexit.o)
                0x00000000014369dc                _gp = ABSOLUTE ((. + 0x8000))
                [!provide]                        PROVIDE (gp, _gp)
 *(.rwdata .rwdata.*)
 *(.sdata .sdata.* .gnu.linkonce.s.*)
 .sdata._ZN10__cxxabiv120__unexpected_handlerE
                0x000000000142e9dc        0x4 c:/intelfpga_lite/18.1/nios2eds/bin/gnu/h-x86_64-mingw32/bin/../lib/gcc/nios2-elf/5.3.0/../../../../../H-x86_64-mingw32/nios2-elf/lib/mno-hw-mul\libstdc++.a(eh_unex_handler.o)
                0x000000000142e9dc                __cxxabiv1::__unexpected_handler
 .sdata._ZTISt9exception
                0x000000000142e9e0        0x8 c:/intelfpga_lite/18.1/nios2eds/bin/gnu/h-x86_64-mingw32/bin/../lib/gcc/nios2-elf/5.3.0/../../../../../H-x86_64-mingw32/nios2-elf/lib/mno-hw-mul\libstdc++.a(eh_exception.o)
                0x000000000142e9e0                typeinfo for std::exception
 .sdata._ZTIN10__cxxabiv115__forced_unwindE
                0x000000000142e9e8        0x8 c:/intelfpga_lite/18.1/nios2eds/bin/gnu/h-x86_64-mingw32/bin/../lib/gcc/nios2-elf/5.3.0/../../../../../H-x86_64-mingw32/nios2-elf/lib/mno-hw-mul\libstdc++.a(eh_exception.o)
                0x000000000142e9e8                typeinfo for __cxxabiv1::__forced_unwind
 .sdata._ZTIN10__cxxabiv119__foreign_exceptionE
                0x000000000142e9f0        0x8 c:/intelfpga_lite/18.1/nios2eds/bin/gnu/h-x86_64-mingw32/bin/../lib/gcc/nios2-elf/5.3.0/../../../../../H-x86_64-mingw32/nios2-elf/lib/mno-hw-mul\libstdc++.a(eh_exception.o)
                0x000000000142e9f0                typeinfo for __cxxabiv1::__foreign_exception
 .sdata._ZN10__cxxabiv119__terminate_handlerE
                0x000000000142e9f8        0x4 c:/intelfpga_lite/18.1/nios2eds/bin/gnu/h-x86_64-mingw32/bin/../lib/gcc/nios2-elf/5.3.0/../../../../../H-x86_64-mingw32/nios2-elf/lib/mno-hw-mul\libstdc++.a(eh_term_handler.o)
                0x000000000142e9f8                __cxxabiv1::__terminate_handler
 .sdata._ZTISt9type_info
                0x000000000142e9fc        0x8 c:/intelfpga_lite/18.1/nios2eds/bin/gnu/h-x86_64-mingw32/bin/../lib/gcc/nios2-elf/5.3.0/../../../../../H-x86_64-mingw32/nios2-elf/lib/mno-hw-mul\libstdc++.a(tinfo.o)
                0x000000000142e9fc                typeinfo for std::type_info
 .sdata.__malloc_sbrk_base
                0x000000000142ea04        0x4 c:/intelfpga_lite/18.1/nios2eds/bin/gnu/h-x86_64-mingw32/bin/../lib/gcc/nios2-elf/5.3.0/../../../../../H-x86_64-mingw32/nios2-elf/lib/mno-hw-mul\libc.a(lib_a-mallocr.o)
                0x000000000142ea04                __malloc_sbrk_base
 .sdata.__malloc_trim_threshold
                0x000000000142ea08        0x4 c:/intelfpga_lite/18.1/nios2eds/bin/gnu/h-x86_64-mingw32/bin/../lib/gcc/nios2-elf/5.3.0/../../../../../H-x86_64-mingw32/nios2-elf/lib/mno-hw-mul\libc.a(lib_a-mallocr.o)
                0x000000000142ea08                __malloc_trim_threshold
 .sdata._global_impure_ptr
                0x000000000142ea0c        0x4 c:/intelfpga_lite/18.1/nios2eds/bin/gnu/h-x86_64-mingw32/bin/../lib/gcc/nios2-elf/5.3.0/../../../../../H-x86_64-mingw32/nios2-elf/lib/mno-hw-mul\libc.a(lib_a-impure.o)
                0x000000000142ea0c                _global_impure_ptr
 .sdata._impure_ptr
                0x000000000142ea10        0x4 c:/intelfpga_lite/18.1/nios2eds/bin/gnu/h-x86_64-mingw32/bin/../lib/gcc/nios2-elf/5.3.0/../../../../../H-x86_64-mingw32/nios2-elf/lib/mno-hw-mul\libc.a(lib_a-impure.o)
                0x000000000142ea10                _impure_ptr
 .sdata         0x000000000142ea14        0x4 ../de10_bsp/\libhal_bsp.a(alt_sbrk.o)
 .sdata         0x000000000142ea18       0x14 ../de10_bsp/\libhal_bsp.a(alt_dev.o)
                0x000000000142ea18                alt_fs_list
                0x000000000142ea20                alt_dev_list
                0x000000000142ea28                alt_max_fd
 .sdata         0x000000000142ea2c        0x4 ../de10_bsp/\libhal_bsp.a(alt_errno.o)
                0x000000000142ea2c                alt_errno
 *(.sdata2 .sdata2.* .gnu.linkonce.s2.*)
                0x000000000142ea30                . = ALIGN (0x4)
                0x000000000142ea30                _edata = ABSOLUTE (.)
                [!provide]                        PROVIDE (edata, ABSOLUTE (.))
                0x000000000142ea30                PROVIDE (__ram_rwdata_end, ABSOLUTE (.))
                0x000000000142ea30                PROVIDE (__flash_rwdata_start, LOADADDR (.rwdata))

.bss            0x000000000142f458       0xdc
                0x000000000142f458                __bss_start = ABSOLUTE (.)
                [!provide]                        PROVIDE (__sbss_start, ABSOLUTE (.))
                [!provide]                        PROVIDE (___sbss_start, ABSOLUTE (.))
 *(.dynsbss)
 *(.sbss .sbss.* .gnu.linkonce.sb.*)
 .sbss          0x000000000142f458       0x10 obj/default/chu_init.o
                0x000000000142f458                _sys_timer
                0x000000000142f460                uart
 .sbss          0x000000000142f468       0x2c obj/default/de10_baseline.o
                0x000000000142f468                led
                0x000000000142f470                sw
                0x000000000142f474                adc
                0x000000000142f478                pwm
                0x000000000142f480                btn
                0x000000000142f484                ddfs
                0x000000000142f48c                jtag
 .sbss._ZL10eh_globals
                0x000000000142f494        0x8 c:/intelfpga_lite/18.1/nios2eds/bin/gnu/h-x86_64-mingw32/bin/../lib/gcc/nios2-elf/5.3.0/../../../../../H-x86_64-mingw32/nios2-elf/lib/mno-hw-mul\libstdc++.a(eh_globals.o)
 .sbss          0x000000000142f49c        0x4 c:/intelfpga_lite/18.1/nios2eds/bin/gnu/h-x86_64-mingw32/bin/../lib/gcc/nios2-elf/5.3.0/mno-hw-mul\libgcc.a(unwind-sjlj.o)
 .sbss.__malloc_max_total_mem
                0x000000000142f4a0        0x4 c:/intelfpga_lite/18.1/nios2eds/bin/gnu/h-x86_64-mingw32/bin/../lib/gcc/nios2-elf/5.3.0/../../../../../H-x86_64-mingw32/nios2-elf/lib/mno-hw-mul\libc.a(lib_a-mallocr.o)
                0x000000000142f4a0                __malloc_max_total_mem
 .sbss.__malloc_max_sbrked_mem
                0x000000000142f4a4        0x4 c:/intelfpga_lite/18.1/nios2eds/bin/gnu/h-x86_64-mingw32/bin/../lib/gcc/nios2-elf/5.3.0/../../../../../H-x86_64-mingw32/nios2-elf/lib/mno-hw-mul\libc.a(lib_a-mallocr.o)
                0x000000000142f4a4                __malloc_max_sbrked_mem