------------------------------------------------------------
Timing Analyzer Summary
------------------------------------------------------------

Type  : Slow 1200mV 85C Model Setup 'clk'
Slack : -4.631
TNS   : -109.642

Type  : Slow 1200mV 85C Model Setup 'fsmd:fsmd_unit|count_reg[0]'
Slack : -3.397
TNS   : -76.601

Type  : Slow 1200mV 85C Model Hold 'fsmd:fsmd_unit|count_reg[0]'
Slack : 0.064
TNS   : 0.000

Type  : Slow 1200mV 85C Model Hold 'clk'
Slack : 1.320
TNS   : 0.000

Type  : Slow 1200mV 85C Model Minimum Pulse Width 'clk'
Slack : -3.000
TNS   : -43.687

Type  : Slow 1200mV 85C Model Minimum Pulse Width 'fsmd:fsmd_unit|count_reg[0]'
Slack : 0.426
TNS   : 0.000

Type  : Slow 1200mV 0C Model Setup 'clk'
Slack : -4.141
TNS   : -97.152

Type  : Slow 1200mV 0C Model Setup 'fsmd:fsmd_unit|count_reg[0]'
Slack : -3.283
TNS   : -72.980

Type  : Slow 1200mV 0C Model Hold 'fsmd:fsmd_unit|count_reg[0]'
Slack : 0.117
TNS   : 0.000

Type  : Slow 1200mV 0C Model Hold 'clk'
Slack : 1.146
TNS   : 0.000

Type  : Slow 1200mV 0C Model Minimum Pulse Width 'clk'
Slack : -3.000
TNS   : -43.687

Type  : Slow 1200mV 0C Model Minimum Pulse Width 'fsmd:fsmd_unit|count_reg[0]'
Slack : 0.401
TNS   : 0.000

Type  : Fast 1200mV 0C Model Setup 'clk'
Slack : -1.854
TNS   : -43.152

Type  : Fast 1200mV 0C Model Setup 'fsmd:fsmd_unit|count_reg[0]'
Slack : -1.168
TNS   : -24.987

Type  : Fast 1200mV 0C Model Hold 'fsmd:fsmd_unit|count_reg[0]'
Slack : 0.081
TNS   : 0.000

Type  : Fast 1200mV 0C Model Hold 'clk'
Slack : 0.422
TNS   : 0.000

Type  : Fast 1200mV 0C Model Minimum Pulse Width 'clk'
Slack : -3.000
TNS   : -35.187

Type  : Fast 1200mV 0C Model Minimum Pulse Width 'fsmd:fsmd_unit|count_reg[0]'
Slack : 0.416
TNS   : 0.000

------------------------------------------------------------
